=============================================================================================================
2026-01-24 16:48:29 | [START]    | DATA PIPELINE EXECUTION - SQUAD 3
2026-01-24 16:48:29 | [INFO]     | RUN_ID:   20260124_164829
2026-01-24 16:48:29 | [INFO]     | OPERADOR: rafael
2026-01-24 16:48:29 | [INFO]     | HOST:     vps6795.panel.icontainer.run
2026-01-24 16:48:29 | [INFO]     | LOG FILE: bin/reports/pipeline_run_20260124_164829.log
=============================================================================================================
2026-01-24 16:48:29 | [PROCESS]  | QUALITY RAW                              | Iniciando...
2026-01-24 16:48:32 | [SUCCESS]  | QUALITY RAW                              | Status: OK | Duração: 00:00:03
-------------------------------------------------------------------------------------------------------------
2026-01-24 16:48:32 | [PROCESS]  | PROFILING RAW - atraso_dim               | Iniciando...
2026-01-24 16:48:33 | [SUCCESS]  | PROFILING RAW - atraso_dim               | Status: OK | Duração: 00:00:00
-------------------------------------------------------------------------------------------------------------
2026-01-24 16:48:33 | [PROCESS]  | PROFILING RAW - atraso                   | Iniciando...
2026-01-24 16:49:24 | [SUCCESS]  | PROFILING RAW - atraso                   | Status: OK | Duração: 00:00:51
-------------------------------------------------------------------------------------------------------------
2026-01-24 16:49:24 | [PROCESS]  | PROFILING RAW - dados_cadastrais         | Iniciando...
2026-01-24 16:49:33 | [SUCCESS]  | PROFILING RAW - dados_cadastrais         | Status: OK | Duração: 00:00:08
-------------------------------------------------------------------------------------------------------------
2026-01-24 16:49:33 | [PROCESS]  | PROFILING RAW - pagamento                | Iniciando...
2026-01-24 16:50:19 | [SUCCESS]  | PROFILING RAW - pagamento                | Status: OK | Duração: 00:00:45
-------------------------------------------------------------------------------------------------------------
2026-01-24 16:50:19 | [PROCESS]  | PROFILING RAW - recarga_dim              | Iniciando...
2026-01-24 16:50:27 | [SUCCESS]  | PROFILING RAW - recarga_dim              | Status: OK | Duração: 00:00:08
-------------------------------------------------------------------------------------------------------------
2026-01-24 16:50:27 | [PROCESS]  | PROFILING RAW - recarga                  | Iniciando...
2026-01-24 16:51:10 | [SUCCESS]  | PROFILING RAW - recarga                  | Status: OK | Duração: 00:00:43
-------------------------------------------------------------------------------------------------------------
2026-01-24 16:51:10 | [PROCESS]  | PROFILING RAW - score_bureau             | Iniciando...
2026-01-24 16:51:14 | [SUCCESS]  | PROFILING RAW - score_bureau             | Status: OK | Duração: 00:00:03
-------------------------------------------------------------------------------------------------------------
2026-01-24 16:51:14 | [PROCESS]  | PROFILING RAW - telco                    | Iniciando...
2026-01-24 16:51:20 | [SUCCESS]  | PROFILING RAW - telco                    | Status: OK | Duração: 00:00:06
-------------------------------------------------------------------------------------------------------------
2026-01-24 16:51:20 | [PROCESS]  | BRONZE - atraso_dim                      | Iniciando...
2026-01-24 16:51:22 | [SUCCESS]  | BRONZE - atraso_dim                      | Status: OK | Duração: 00:00:01
-------------------------------------------------------------------------------------------------------------
2026-01-24 16:51:22 | [PROCESS]  | BRONZE - atraso                          | Iniciando...
2026-01-24 16:54:09 | [SUCCESS]  | BRONZE - atraso                          | Status: OK | Duração: 00:02:46
-------------------------------------------------------------------------------------------------------------
2026-01-24 16:54:09 | [PROCESS]  | BRONZE - dados_cadastrais                | Iniciando...
2026-01-24 16:54:22 | [SUCCESS]  | BRONZE - dados_cadastrais                | Status: OK | Duração: 00:00:13
-------------------------------------------------------------------------------------------------------------
2026-01-24 16:54:22 | [PROCESS]  | BRONZE - pagamento                       | Iniciando...
2026-01-24 16:56:50 | [SUCCESS]  | BRONZE - pagamento                       | Status: OK | Duração: 00:02:27
-------------------------------------------------------------------------------------------------------------
2026-01-24 16:56:50 | [PROCESS]  | BRONZE - recarga_dim                     | Iniciando...
2026-01-24 16:57:03 | [SUCCESS]  | BRONZE - recarga_dim                     | Status: OK | Duração: 00:00:13
-------------------------------------------------------------------------------------------------------------
2026-01-24 16:57:03 | [PROCESS]  | BRONZE - recarga                         | Iniciando...
2026-01-24 17:00:24 | [SUCCESS]  | BRONZE - recarga                         | Status: OK | Duração: 00:03:20
-------------------------------------------------------------------------------------------------------------
2026-01-24 17:00:24 | [PROCESS]  | BRONZE - score_bureau                    | Iniciando...
2026-01-24 17:00:28 | [SUCCESS]  | BRONZE - score_bureau                    | Status: OK | Duração: 00:00:04
-------------------------------------------------------------------------------------------------------------
2026-01-24 17:00:28 | [PROCESS]  | BRONZE - telco                           | Iniciando...
2026-01-24 17:00:40 | [SUCCESS]  | BRONZE - telco                           | Status: OK | Duração: 00:00:12
-------------------------------------------------------------------------------------------------------------
2026-01-24 17:00:40 | [PROCESS]  | PROFILING BRONZE - atraso_dim            | Iniciando...
2026-01-24 17:00:41 | [SUCCESS]  | PROFILING BRONZE - atraso_dim            | Status: OK | Duração: 00:00:01
-------------------------------------------------------------------------------------------------------------
2026-01-24 17:00:41 | [PROCESS]  | PROFILING BRONZE - atraso                | Iniciando...
2026-01-24 17:01:50 | [SUCCESS]  | PROFILING BRONZE - atraso                | Status: OK | Duração: 00:01:09
-------------------------------------------------------------------------------------------------------------
2026-01-24 17:01:50 | [PROCESS]  | PROFILING BRONZE - dados_cadastrais      | Iniciando...
2026-01-24 17:01:56 | [SUCCESS]  | PROFILING BRONZE - dados_cadastrais      | Status: OK | Duração: 00:00:05
-------------------------------------------------------------------------------------------------------------
2026-01-24 17:01:56 | [PROCESS]  | PROFILING BRONZE - pagamento             | Iniciando...
2026-01-24 17:03:04 | [SUCCESS]  | PROFILING BRONZE - pagamento             | Status: OK | Duração: 00:01:07
-------------------------------------------------------------------------------------------------------------
2026-01-24 17:03:04 | [PROCESS]  | PROFILING BRONZE - recarga_dim           | Iniciando...
2026-01-24 17:03:05 | [SUCCESS]  | PROFILING BRONZE - recarga_dim           | Status: OK | Duração: 00:00:01
-------------------------------------------------------------------------------------------------------------
2026-01-24 17:03:05 | [PROCESS]  | PROFILING BRONZE - recarga               | Iniciando...
2026-01-24 17:04:16 | [SUCCESS]  | PROFILING BRONZE - recarga               | Status: OK | Duração: 00:01:11
-------------------------------------------------------------------------------------------------------------
2026-01-24 17:04:16 | [PROCESS]  | PROFILING BRONZE - score_bureau          | Iniciando...
2026-01-24 17:04:19 | [SUCCESS]  | PROFILING BRONZE - score_bureau          | Status: OK | Duração: 00:00:02
-------------------------------------------------------------------------------------------------------------
2026-01-24 17:04:19 | [PROCESS]  | PROFILING BRONZE - telco                 | Iniciando...
2026-01-24 17:04:27 | [SUCCESS]  | PROFILING BRONZE - telco                 | Status: OK | Duração: 00:00:07
-------------------------------------------------------------------------------------------------------------
2026-01-24 17:04:27 | [PROCESS]  | INSPECT BRONZE                           | Iniciando...
2026-01-24 17:04:29 | [SUCCESS]  | INSPECT BRONZE                           | Status: OK | Duração: 00:00:02
-------------------------------------------------------------------------------------------------------------
2026-01-24 17:04:29 | [PROCESS]  | SILVER - atraso                          | Iniciando...
2026-01-24 17:10:09 | [SUCCESS]  | SILVER - atraso                          | Status: OK | Duração: 00:05:39
-------------------------------------------------------------------------------------------------------------
2026-01-24 17:10:09 | [PROCESS]  | SILVER - dados_cadastrais                | Iniciando...
2026-01-24 17:10:23 | [SUCCESS]  | SILVER - dados_cadastrais                | Status: OK | Duração: 00:00:14
-------------------------------------------------------------------------------------------------------------
2026-01-24 17:10:23 | [PROCESS]  | SILVER - pagamento                       | Iniciando...
2026-01-24 17:14:41 | [SUCCESS]  | SILVER - pagamento                       | Status: OK | Duração: 00:04:17
-------------------------------------------------------------------------------------------------------------
2026-01-24 17:14:41 | [PROCESS]  | SILVER - recarga                         | Iniciando...
2026-01-24 17:27:37 | [SUCCESS]  | SILVER - recarga                         | Status: OK | Duração: 00:12:55
-------------------------------------------------------------------------------------------------------------
2026-01-24 17:27:37 | [PROCESS]  | SILVER - score_bureau                    | Iniciando...
2026-01-24 17:27:43 | [SUCCESS]  | SILVER - score_bureau                    | Status: OK | Duração: 00:00:06
-------------------------------------------------------------------------------------------------------------
2026-01-24 17:27:43 | [PROCESS]  | SILVER - telco                           | Iniciando...
2026-01-24 17:28:08 | [SUCCESS]  | SILVER - telco                           | Status: OK | Duração: 00:00:24
-------------------------------------------------------------------------------------------------------------
2026-01-24 17:28:08 | [PROCESS]  | PROFILING SILVER - atraso                | Iniciando...
2026-01-24 17:29:22 | [SUCCESS]  | PROFILING SILVER - atraso                | Status: OK | Duração: 00:01:14
-------------------------------------------------------------------------------------------------------------
2026-01-24 17:29:22 | [PROCESS]  | PROFILING SILVER - dados_cadastrais      | Iniciando...
2026-01-24 17:29:28 | [SUCCESS]  | PROFILING SILVER - dados_cadastrais      | Status: OK | Duração: 00:00:05
-------------------------------------------------------------------------------------------------------------
2026-01-24 17:29:28 | [PROCESS]  | PROFILING SILVER - pagamento             | Iniciando...
2026-01-24 17:30:33 | [SUCCESS]  | PROFILING SILVER - pagamento             | Status: OK | Duração: 00:01:04
-------------------------------------------------------------------------------------------------------------
2026-01-24 17:30:33 | [PROCESS]  | PROFILING SILVER - recarga               | Iniciando...
2026-01-24 17:32:13 | [SUCCESS]  | PROFILING SILVER - recarga               | Status: OK | Duração: 00:01:40
-------------------------------------------------------------------------------------------------------------
2026-01-24 17:32:13 | [PROCESS]  | PROFILING SILVER - score_bureau          | Iniciando...
2026-01-24 17:32:16 | [SUCCESS]  | PROFILING SILVER - score_bureau          | Status: OK | Duração: 00:00:02
-------------------------------------------------------------------------------------------------------------
2026-01-24 17:32:16 | [PROCESS]  | PROFILING SILVER - telco                 | Iniciando...
2026-01-24 17:32:24 | [SUCCESS]  | PROFILING SILVER - telco                 | Status: OK | Duração: 00:00:07
-------------------------------------------------------------------------------------------------------------
2026-01-24 17:32:24 | [PROCESS]  | INSPECT SILVER                           | Iniciando...
2026-01-24 17:32:27 | [SUCCESS]  | INSPECT SILVER                           | Status: OK | Duração: 00:00:02
-------------------------------------------------------------------------------------------------------------
2026-01-24 17:32:27 | [PROCESS]  | GOLD - labels_fpd                        | Iniciando...
2026-01-24 17:32:36 | [SUCCESS]  | GOLD - labels_fpd                        | Status: OK | Duração: 00:00:09
-------------------------------------------------------------------------------------------------------------
2026-01-24 17:32:36 | [PROCESS]  | GOLD - abt_base_prod                     | Iniciando...
2026-01-24 17:33:50 | [SUCCESS]  | GOLD - abt_base_prod                     | Status: OK | Duração: 00:01:13
-------------------------------------------------------------------------------------------------------------
2026-01-24 17:33:50 | [PROCESS]  | PROFILING GOLD - labels_fpd              | Iniciando...
2026-01-24 17:33:52 | [SUCCESS]  | PROFILING GOLD - labels_fpd              | Status: OK | Duração: 00:00:01
-------------------------------------------------------------------------------------------------------------
2026-01-24 17:33:52 | [PROCESS]  | PROFILING GOLD - abt_base_prod           | Iniciando...
2026-01-24 17:34:03 | [SUCCESS]  | PROFILING GOLD - abt_base_prod           | Status: OK | Duração: 00:00:11
-------------------------------------------------------------------------------------------------------------
2026-01-24 17:34:03 | [PROCESS]  | INSPECT GOLD                             | Iniciando...
2026-01-24 17:34:04 | [SUCCESS]  | INSPECT GOLD                             | Status: OK | Duração: 00:00:00
-------------------------------------------------------------------------------------------------------------
=============================================================================================================
2026-01-24 17:34:04 | [END]      | PIPELINE FINALIZADA COM SUCESSO
2026-01-24 17:34:04 | [END]      | TEMPO TOTAL: 00:45:35
=============================================================================================================
2026-01-24 17:34:04 | [PROCESS]  | UPLOAD OBSERVABILITY REPORTS             | Iniciando...
2026-01-24 17:34:05 | [SUCCESS]  | UPLOAD OBSERVABILITY REPORTS             | Status: OK | Duração: 00:00:00
-------------------------------------------------------------------------------------------------------------
