=============================================================================================================
2026-01-26 19:12:03 | [START]    | DATA PIPELINE EXECUTION - SQUAD 3
2026-01-26 19:12:03 | [INFO]     | RUN_ID:   20260126_191203
2026-01-26 19:12:03 | [INFO]     | OPERADOR: rafael
2026-01-26 19:12:03 | [INFO]     | HOST:     vps6795.panel.icontainer.run
2026-01-26 19:12:03 | [INFO]     | LOG FILE: bin/reports/pipeline_run_20260126_191203.log
=============================================================================================================
2026-01-26 19:12:03 | [PROCESS]  | QUALITY RAW                              | Iniciando...
2026-01-26 19:12:06 | [SUCCESS]  | QUALITY RAW                              | Status: OK | Duração: 00:00:03
-------------------------------------------------------------------------------------------------------------
2026-01-26 19:12:06 | [PROCESS]  | PROFILING RAW - atraso_dim               | Iniciando...
2026-01-26 19:12:07 | [SUCCESS]  | PROFILING RAW - atraso_dim               | Status: OK | Duração: 00:00:00
-------------------------------------------------------------------------------------------------------------
2026-01-26 19:12:07 | [PROCESS]  | PROFILING RAW - atraso                   | Iniciando...
2026-01-26 19:13:06 | [SUCCESS]  | PROFILING RAW - atraso                   | Status: OK | Duração: 00:00:58
-------------------------------------------------------------------------------------------------------------
2026-01-26 19:13:06 | [PROCESS]  | PROFILING RAW - dados_cadastrais         | Iniciando...
2026-01-26 19:13:14 | [SUCCESS]  | PROFILING RAW - dados_cadastrais         | Status: OK | Duração: 00:00:08
-------------------------------------------------------------------------------------------------------------
2026-01-26 19:13:14 | [PROCESS]  | PROFILING RAW - pagamento                | Iniciando...
2026-01-26 19:14:04 | [SUCCESS]  | PROFILING RAW - pagamento                | Status: OK | Duração: 00:00:49
-------------------------------------------------------------------------------------------------------------
2026-01-26 19:14:04 | [PROCESS]  | PROFILING RAW - recarga_dim              | Iniciando...
2026-01-26 19:14:12 | [SUCCESS]  | PROFILING RAW - recarga_dim              | Status: OK | Duração: 00:00:08
-------------------------------------------------------------------------------------------------------------
2026-01-26 19:14:12 | [PROCESS]  | PROFILING RAW - recarga                  | Iniciando...
2026-01-26 19:15:01 | [SUCCESS]  | PROFILING RAW - recarga                  | Status: OK | Duração: 00:00:49
-------------------------------------------------------------------------------------------------------------
2026-01-26 19:15:01 | [PROCESS]  | PROFILING RAW - score_bureau             | Iniciando...
2026-01-26 19:15:05 | [SUCCESS]  | PROFILING RAW - score_bureau             | Status: OK | Duração: 00:00:03
-------------------------------------------------------------------------------------------------------------
2026-01-26 19:15:05 | [PROCESS]  | PROFILING RAW - telco                    | Iniciando...
2026-01-26 19:15:12 | [SUCCESS]  | PROFILING RAW - telco                    | Status: OK | Duração: 00:00:06
-------------------------------------------------------------------------------------------------------------
2026-01-26 19:15:12 | [PROCESS]  | BRONZE - atraso_dim                      | Iniciando...
2026-01-26 19:15:13 | [SUCCESS]  | BRONZE - atraso_dim                      | Status: OK | Duração: 00:00:01
-------------------------------------------------------------------------------------------------------------
2026-01-26 19:15:13 | [PROCESS]  | BRONZE - atraso                          | Iniciando...
2026-01-26 19:18:11 | [SUCCESS]  | BRONZE - atraso                          | Status: OK | Duração: 00:02:57
-------------------------------------------------------------------------------------------------------------
2026-01-26 19:18:11 | [PROCESS]  | BRONZE - dados_cadastrais                | Iniciando...
2026-01-26 19:18:24 | [SUCCESS]  | BRONZE - dados_cadastrais                | Status: OK | Duração: 00:00:13
-------------------------------------------------------------------------------------------------------------
2026-01-26 19:18:24 | [PROCESS]  | BRONZE - pagamento                       | Iniciando...
2026-01-26 19:21:08 | [SUCCESS]  | BRONZE - pagamento                       | Status: OK | Duração: 00:02:43
-------------------------------------------------------------------------------------------------------------
2026-01-26 19:21:08 | [PROCESS]  | BRONZE - recarga_dim                     | Iniciando...
2026-01-26 19:21:24 | [SUCCESS]  | BRONZE - recarga_dim                     | Status: OK | Duração: 00:00:16
-------------------------------------------------------------------------------------------------------------
2026-01-26 19:21:24 | [PROCESS]  | BRONZE - recarga                         | Iniciando...
2026-01-26 19:25:07 | [SUCCESS]  | BRONZE - recarga                         | Status: OK | Duração: 00:03:43
-------------------------------------------------------------------------------------------------------------
2026-01-26 19:25:07 | [PROCESS]  | BRONZE - score_bureau                    | Iniciando...
2026-01-26 19:25:11 | [SUCCESS]  | BRONZE - score_bureau                    | Status: OK | Duração: 00:00:04
-------------------------------------------------------------------------------------------------------------
2026-01-26 19:25:11 | [PROCESS]  | BRONZE - telco                           | Iniciando...
2026-01-26 19:25:23 | [SUCCESS]  | BRONZE - telco                           | Status: OK | Duração: 00:00:12
-------------------------------------------------------------------------------------------------------------
2026-01-26 19:25:23 | [PROCESS]  | PROFILING BRONZE - atraso_dim            | Iniciando...
2026-01-26 19:25:25 | [SUCCESS]  | PROFILING BRONZE - atraso_dim            | Status: OK | Duração: 00:00:01
-------------------------------------------------------------------------------------------------------------
2026-01-26 19:25:25 | [PROCESS]  | PROFILING BRONZE - atraso                | Iniciando...
2026-01-26 19:26:47 | [SUCCESS]  | PROFILING BRONZE - atraso                | Status: OK | Duração: 00:01:22
-------------------------------------------------------------------------------------------------------------
2026-01-26 19:26:47 | [PROCESS]  | PROFILING BRONZE - dados_cadastrais      | Iniciando...
2026-01-26 19:26:53 | [SUCCESS]  | PROFILING BRONZE - dados_cadastrais      | Status: OK | Duração: 00:00:05
-------------------------------------------------------------------------------------------------------------
2026-01-26 19:26:53 | [PROCESS]  | PROFILING BRONZE - pagamento             | Iniciando...
2026-01-26 19:28:01 | [SUCCESS]  | PROFILING BRONZE - pagamento             | Status: OK | Duração: 00:01:08
-------------------------------------------------------------------------------------------------------------
2026-01-26 19:28:01 | [PROCESS]  | PROFILING BRONZE - recarga_dim           | Iniciando...
2026-01-26 19:28:03 | [SUCCESS]  | PROFILING BRONZE - recarga_dim           | Status: OK | Duração: 00:00:01
-------------------------------------------------------------------------------------------------------------
2026-01-26 19:28:03 | [PROCESS]  | PROFILING BRONZE - recarga               | Iniciando...
2026-01-26 19:29:14 | [SUCCESS]  | PROFILING BRONZE - recarga               | Status: OK | Duração: 00:01:11
-------------------------------------------------------------------------------------------------------------
2026-01-26 19:29:14 | [PROCESS]  | PROFILING BRONZE - score_bureau          | Iniciando...
2026-01-26 19:29:17 | [SUCCESS]  | PROFILING BRONZE - score_bureau          | Status: OK | Duração: 00:00:02
-------------------------------------------------------------------------------------------------------------
2026-01-26 19:29:17 | [PROCESS]  | PROFILING BRONZE - telco                 | Iniciando...
2026-01-26 19:29:25 | [SUCCESS]  | PROFILING BRONZE - telco                 | Status: OK | Duração: 00:00:07
-------------------------------------------------------------------------------------------------------------
2026-01-26 19:29:25 | [PROCESS]  | INSPECT BRONZE                           | Iniciando...
2026-01-26 19:29:28 | [SUCCESS]  | INSPECT BRONZE                           | Status: OK | Duração: 00:00:02
-------------------------------------------------------------------------------------------------------------
2026-01-26 19:29:28 | [PROCESS]  | SILVER - atraso                          | Iniciando...
2026-01-26 19:35:14 | [SUCCESS]  | SILVER - atraso                          | Status: OK | Duração: 00:05:46
-------------------------------------------------------------------------------------------------------------
2026-01-26 19:35:14 | [PROCESS]  | SILVER - dados_cadastrais                | Iniciando...
2026-01-26 19:35:29 | [SUCCESS]  | SILVER - dados_cadastrais                | Status: OK | Duração: 00:00:14
-------------------------------------------------------------------------------------------------------------
2026-01-26 19:35:29 | [PROCESS]  | SILVER - pagamento                       | Iniciando...
2026-01-26 19:39:56 | [SUCCESS]  | SILVER - pagamento                       | Status: OK | Duração: 00:04:26
-------------------------------------------------------------------------------------------------------------
2026-01-26 19:39:56 | [PROCESS]  | SILVER - recarga                         | Iniciando...
2026-01-26 19:52:54 | [SUCCESS]  | SILVER - recarga                         | Status: OK | Duração: 00:12:58
-------------------------------------------------------------------------------------------------------------
2026-01-26 19:52:54 | [PROCESS]  | SILVER - score_bureau                    | Iniciando...
2026-01-26 19:53:01 | [SUCCESS]  | SILVER - score_bureau                    | Status: OK | Duração: 00:00:06
-------------------------------------------------------------------------------------------------------------
2026-01-26 19:53:01 | [PROCESS]  | SILVER - telco                           | Iniciando...
2026-01-26 19:53:20 | [SUCCESS]  | SILVER - telco                           | Status: OK | Duração: 00:00:19
-------------------------------------------------------------------------------------------------------------
2026-01-26 19:53:20 | [PROCESS]  | PROFILING SILVER - atraso                | Iniciando...
2026-01-26 19:54:35 | [SUCCESS]  | PROFILING SILVER - atraso                | Status: OK | Duração: 00:01:14
-------------------------------------------------------------------------------------------------------------
2026-01-26 19:54:35 | [PROCESS]  | PROFILING SILVER - dados_cadastrais      | Iniciando...
2026-01-26 19:54:41 | [SUCCESS]  | PROFILING SILVER - dados_cadastrais      | Status: OK | Duração: 00:00:06
-------------------------------------------------------------------------------------------------------------
2026-01-26 19:54:41 | [PROCESS]  | PROFILING SILVER - pagamento             | Iniciando...
2026-01-26 19:55:47 | [SUCCESS]  | PROFILING SILVER - pagamento             | Status: OK | Duração: 00:01:05
-------------------------------------------------------------------------------------------------------------
2026-01-26 19:55:47 | [PROCESS]  | PROFILING SILVER - recarga               | Iniciando...
2026-01-26 19:57:26 | [SUCCESS]  | PROFILING SILVER - recarga               | Status: OK | Duração: 00:01:39
-------------------------------------------------------------------------------------------------------------
2026-01-26 19:57:26 | [PROCESS]  | PROFILING SILVER - score_bureau          | Iniciando...
2026-01-26 19:57:28 | [SUCCESS]  | PROFILING SILVER - score_bureau          | Status: OK | Duração: 00:00:02
-------------------------------------------------------------------------------------------------------------
2026-01-26 19:57:28 | [PROCESS]  | PROFILING SILVER - telco                 | Iniciando...
2026-01-26 19:57:36 | [SUCCESS]  | PROFILING SILVER - telco                 | Status: OK | Duração: 00:00:07
-------------------------------------------------------------------------------------------------------------
2026-01-26 19:57:36 | [PROCESS]  | INSPECT SILVER                           | Iniciando...
2026-01-26 19:57:39 | [SUCCESS]  | INSPECT SILVER                           | Status: OK | Duração: 00:00:02
-------------------------------------------------------------------------------------------------------------
2026-01-26 19:57:39 | [PROCESS]  | GOLD - labels_fpd                        | Iniciando...
2026-01-26 19:57:48 | [SUCCESS]  | GOLD - labels_fpd                        | Status: OK | Duração: 00:00:09
-------------------------------------------------------------------------------------------------------------
2026-01-26 19:57:48 | [PROCESS]  | GOLD - abt_base_prod                     | Iniciando...
2026-01-26 19:59:02 | [SUCCESS]  | GOLD - abt_base_prod                     | Status: OK | Duração: 00:01:14
-------------------------------------------------------------------------------------------------------------
2026-01-26 19:59:02 | [PROCESS]  | PROFILING GOLD - labels_fpd              | Iniciando...
2026-01-26 19:59:04 | [SUCCESS]  | PROFILING GOLD - labels_fpd              | Status: OK | Duração: 00:00:01
-------------------------------------------------------------------------------------------------------------
2026-01-26 19:59:04 | [PROCESS]  | PROFILING GOLD - abt_base_prod           | Iniciando...
2026-01-26 19:59:16 | [SUCCESS]  | PROFILING GOLD - abt_base_prod           | Status: OK | Duração: 00:00:11
-------------------------------------------------------------------------------------------------------------
2026-01-26 19:59:16 | [PROCESS]  | INSPECT GOLD                             | Iniciando...
2026-01-26 19:59:17 | [SUCCESS]  | INSPECT GOLD                             | Status: OK | Duração: 00:00:00
-------------------------------------------------------------------------------------------------------------
=============================================================================================================
2026-01-26 19:59:17 | [END]      | PIPELINE FINALIZADA COM SUCESSO
2026-01-26 19:59:17 | [END]      | TEMPO TOTAL: 00:47:14
=============================================================================================================
2026-01-26 19:59:17 | [PROCESS]  | UPLOAD OBSERVABILITY REPORTS             | Iniciando...
2026-01-26 19:59:18 | [SUCCESS]  | UPLOAD OBSERVABILITY REPORTS             | Status: OK | Duração: 00:00:00
-------------------------------------------------------------------------------------------------------------
