=============================================================================================================
2026-01-28 00:40:06 | [START]    | DATA PIPELINE EXECUTION - SQUAD 3
2026-01-28 00:40:06 | [INFO]     | RUN_ID:   20260128
2026-01-28 00:40:06 | [INFO]     | OPERADOR: rafael
2026-01-28 00:40:06 | [INFO]     | HOST:     vps6795.panel.icontainer.run
2026-01-28 00:40:06 | [INFO]     | LOG FILE: bin/reports/pipeline_run_20260128.log
=============================================================================================================
2026-01-28 00:40:06 | [PROCESS]  | QUALITY RAW                              | Iniciando...
2026-01-28 00:40:10 | [SUCCESS]  | QUALITY RAW                              | Status: OK | Duração: 00:00:04
-------------------------------------------------------------------------------------------------------------
2026-01-28 00:40:10 | [PROCESS]  | PROFILING RAW - atraso_dim               | Iniciando...
2026-01-28 00:40:11 | [SUCCESS]  | PROFILING RAW - atraso_dim               | Status: OK | Duração: 00:00:00
-------------------------------------------------------------------------------------------------------------
2026-01-28 00:40:11 | [PROCESS]  | PROFILING RAW - atraso                   | Iniciando...
2026-01-28 00:41:01 | [SUCCESS]  | PROFILING RAW - atraso                   | Status: OK | Duração: 00:00:49
-------------------------------------------------------------------------------------------------------------
2026-01-28 00:41:01 | [PROCESS]  | PROFILING RAW - dados_cadastrais         | Iniciando...
2026-01-28 00:41:09 | [SUCCESS]  | PROFILING RAW - dados_cadastrais         | Status: OK | Duração: 00:00:08
-------------------------------------------------------------------------------------------------------------
2026-01-28 00:41:09 | [PROCESS]  | PROFILING RAW - pagamento                | Iniciando...
2026-01-28 00:41:52 | [SUCCESS]  | PROFILING RAW - pagamento                | Status: OK | Duração: 00:00:43
-------------------------------------------------------------------------------------------------------------
2026-01-28 00:41:52 | [PROCESS]  | PROFILING RAW - recarga_dim              | Iniciando...
2026-01-28 00:42:00 | [SUCCESS]  | PROFILING RAW - recarga_dim              | Status: OK | Duração: 00:00:07
-------------------------------------------------------------------------------------------------------------
2026-01-28 00:42:00 | [PROCESS]  | PROFILING RAW - recarga                  | Iniciando...
2026-01-28 00:42:43 | [SUCCESS]  | PROFILING RAW - recarga                  | Status: OK | Duração: 00:00:42
-------------------------------------------------------------------------------------------------------------
2026-01-28 00:42:43 | [PROCESS]  | PROFILING RAW - score_bureau             | Iniciando...
2026-01-28 00:42:46 | [SUCCESS]  | PROFILING RAW - score_bureau             | Status: OK | Duração: 00:00:03
-------------------------------------------------------------------------------------------------------------
2026-01-28 00:42:46 | [PROCESS]  | PROFILING RAW - telco                    | Iniciando...
2026-01-28 00:42:51 | [SUCCESS]  | PROFILING RAW - telco                    | Status: OK | Duração: 00:00:05
-------------------------------------------------------------------------------------------------------------
2026-01-28 00:42:51 | [PROCESS]  | BRONZE - atraso_dim                      | Iniciando...
2026-01-28 00:42:52 | [SUCCESS]  | BRONZE - atraso_dim                      | Status: OK | Duração: 00:00:01
-------------------------------------------------------------------------------------------------------------
2026-01-28 00:42:52 | [PROCESS]  | BRONZE - atraso                          | Iniciando...
2026-01-28 00:45:32 | [SUCCESS]  | BRONZE - atraso                          | Status: OK | Duração: 00:02:40
-------------------------------------------------------------------------------------------------------------
2026-01-28 00:45:32 | [PROCESS]  | BRONZE - dados_cadastrais                | Iniciando...
2026-01-28 00:45:45 | [SUCCESS]  | BRONZE - dados_cadastrais                | Status: OK | Duração: 00:00:12
-------------------------------------------------------------------------------------------------------------
2026-01-28 00:45:45 | [PROCESS]  | BRONZE - pagamento                       | Iniciando...
2026-01-28 00:48:17 | [SUCCESS]  | BRONZE - pagamento                       | Status: OK | Duração: 00:02:31
-------------------------------------------------------------------------------------------------------------
2026-01-28 00:48:17 | [PROCESS]  | BRONZE - recarga_dim                     | Iniciando...
2026-01-28 00:48:31 | [SUCCESS]  | BRONZE - recarga_dim                     | Status: OK | Duração: 00:00:14
-------------------------------------------------------------------------------------------------------------
2026-01-28 00:48:31 | [PROCESS]  | BRONZE - recarga                         | Iniciando...
2026-01-28 00:51:44 | [SUCCESS]  | BRONZE - recarga                         | Status: OK | Duração: 00:03:12
-------------------------------------------------------------------------------------------------------------
2026-01-28 00:51:44 | [PROCESS]  | BRONZE - score_bureau                    | Iniciando...
2026-01-28 00:51:48 | [SUCCESS]  | BRONZE - score_bureau                    | Status: OK | Duração: 00:00:04
-------------------------------------------------------------------------------------------------------------
2026-01-28 00:51:48 | [PROCESS]  | BRONZE - telco                           | Iniciando...
2026-01-28 00:52:00 | [SUCCESS]  | BRONZE - telco                           | Status: OK | Duração: 00:00:11
-------------------------------------------------------------------------------------------------------------
2026-01-28 00:52:00 | [PROCESS]  | PROFILING BRONZE - atraso_dim            | Iniciando...
2026-01-28 00:52:01 | [SUCCESS]  | PROFILING BRONZE - atraso_dim            | Status: OK | Duração: 00:00:01
-------------------------------------------------------------------------------------------------------------
2026-01-28 00:52:01 | [PROCESS]  | PROFILING BRONZE - atraso                | Iniciando...
2026-01-28 00:53:09 | [SUCCESS]  | PROFILING BRONZE - atraso                | Status: OK | Duração: 00:01:08
-------------------------------------------------------------------------------------------------------------
2026-01-28 00:53:09 | [PROCESS]  | PROFILING BRONZE - dados_cadastrais      | Iniciando...
2026-01-28 00:53:15 | [SUCCESS]  | PROFILING BRONZE - dados_cadastrais      | Status: OK | Duração: 00:00:05
-------------------------------------------------------------------------------------------------------------
2026-01-28 00:53:15 | [PROCESS]  | PROFILING BRONZE - pagamento             | Iniciando...
2026-01-28 00:54:21 | [SUCCESS]  | PROFILING BRONZE - pagamento             | Status: OK | Duração: 00:01:06
-------------------------------------------------------------------------------------------------------------
2026-01-28 00:54:21 | [PROCESS]  | PROFILING BRONZE - recarga_dim           | Iniciando...
2026-01-28 00:54:22 | [SUCCESS]  | PROFILING BRONZE - recarga_dim           | Status: OK | Duração: 00:00:01
-------------------------------------------------------------------------------------------------------------
2026-01-28 00:54:22 | [PROCESS]  | PROFILING BRONZE - recarga               | Iniciando...
2026-01-28 00:55:33 | [SUCCESS]  | PROFILING BRONZE - recarga               | Status: OK | Duração: 00:01:10
-------------------------------------------------------------------------------------------------------------
2026-01-28 00:55:33 | [PROCESS]  | PROFILING BRONZE - score_bureau          | Iniciando...
2026-01-28 00:55:36 | [SUCCESS]  | PROFILING BRONZE - score_bureau          | Status: OK | Duração: 00:00:02
-------------------------------------------------------------------------------------------------------------
2026-01-28 00:55:36 | [PROCESS]  | PROFILING BRONZE - telco                 | Iniciando...
2026-01-28 00:55:43 | [SUCCESS]  | PROFILING BRONZE - telco                 | Status: OK | Duração: 00:00:07
-------------------------------------------------------------------------------------------------------------
2026-01-28 00:55:43 | [PROCESS]  | INSPECT BRONZE                           | Iniciando...
2026-01-28 00:55:46 | [SUCCESS]  | INSPECT BRONZE                           | Status: OK | Duração: 00:00:02
-------------------------------------------------------------------------------------------------------------
2026-01-28 00:55:46 | [PROCESS]  | SILVER - atraso                          | Iniciando...
2026-01-28 01:01:14 | [SUCCESS]  | SILVER - atraso                          | Status: OK | Duração: 00:05:27
-------------------------------------------------------------------------------------------------------------
2026-01-28 01:01:14 | [PROCESS]  | SILVER - dados_cadastrais                | Iniciando...
2026-01-28 01:01:28 | [SUCCESS]  | SILVER - dados_cadastrais                | Status: OK | Duração: 00:00:14
-------------------------------------------------------------------------------------------------------------
2026-01-28 01:01:28 | [PROCESS]  | SILVER - pagamento                       | Iniciando...
2026-01-28 01:05:43 | [SUCCESS]  | SILVER - pagamento                       | Status: OK | Duração: 00:04:15
-------------------------------------------------------------------------------------------------------------
2026-01-28 01:05:43 | [PROCESS]  | SILVER - recarga                         | Iniciando...
2026-01-28 01:18:17 | [SUCCESS]  | SILVER - recarga                         | Status: OK | Duração: 00:12:33
-------------------------------------------------------------------------------------------------------------
2026-01-28 01:18:17 | [PROCESS]  | SILVER - score_bureau                    | Iniciando...
2026-01-28 01:18:23 | [SUCCESS]  | SILVER - score_bureau                    | Status: OK | Duração: 00:00:05
-------------------------------------------------------------------------------------------------------------
2026-01-28 01:18:23 | [PROCESS]  | SILVER - telco                           | Iniciando...
2026-01-28 01:18:47 | [SUCCESS]  | SILVER - telco                           | Status: OK | Duração: 00:00:24
-------------------------------------------------------------------------------------------------------------
2026-01-28 01:18:47 | [PROCESS]  | PROFILING SILVER - atraso                | Iniciando...
2026-01-28 01:20:01 | [SUCCESS]  | PROFILING SILVER - atraso                | Status: OK | Duração: 00:01:13
-------------------------------------------------------------------------------------------------------------
2026-01-28 01:20:01 | [PROCESS]  | PROFILING SILVER - dados_cadastrais      | Iniciando...
2026-01-28 01:20:07 | [SUCCESS]  | PROFILING SILVER - dados_cadastrais      | Status: OK | Duração: 00:00:06
-------------------------------------------------------------------------------------------------------------
2026-01-28 01:20:07 | [PROCESS]  | PROFILING SILVER - pagamento             | Iniciando...
2026-01-28 01:21:12 | [SUCCESS]  | PROFILING SILVER - pagamento             | Status: OK | Duração: 00:01:04
-------------------------------------------------------------------------------------------------------------
2026-01-28 01:21:12 | [PROCESS]  | PROFILING SILVER - recarga               | Iniciando...
2026-01-28 01:22:50 | [SUCCESS]  | PROFILING SILVER - recarga               | Status: OK | Duração: 00:01:37
-------------------------------------------------------------------------------------------------------------
2026-01-28 01:22:50 | [PROCESS]  | PROFILING SILVER - score_bureau          | Iniciando...
2026-01-28 01:22:52 | [SUCCESS]  | PROFILING SILVER - score_bureau          | Status: OK | Duração: 00:00:02
-------------------------------------------------------------------------------------------------------------
2026-01-28 01:22:52 | [PROCESS]  | PROFILING SILVER - telco                 | Iniciando...
2026-01-28 01:23:00 | [SUCCESS]  | PROFILING SILVER - telco                 | Status: OK | Duração: 00:00:07
-------------------------------------------------------------------------------------------------------------
2026-01-28 01:23:00 | [PROCESS]  | INSPECT SILVER                           | Iniciando...
2026-01-28 01:23:03 | [SUCCESS]  | INSPECT SILVER                           | Status: OK | Duração: 00:00:02
-------------------------------------------------------------------------------------------------------------
2026-01-28 01:23:03 | [PROCESS]  | GOLD - labels_fpd                        | Iniciando...
2026-01-28 01:23:12 | [SUCCESS]  | GOLD - labels_fpd                        | Status: OK | Duração: 00:00:09
-------------------------------------------------------------------------------------------------------------
2026-01-28 01:23:12 | [PROCESS]  | GOLD - abt_base_prod                     | Iniciando...
2026-01-28 01:24:25 | [SUCCESS]  | GOLD - abt_base_prod                     | Status: OK | Duração: 00:01:12
-------------------------------------------------------------------------------------------------------------
2026-01-28 01:24:25 | [PROCESS]  | GOLD - labels_fpd_bureau                 | Iniciando...
2026-01-28 01:24:36 | [SUCCESS]  | GOLD - labels_fpd_bureau                 | Status: OK | Duração: 00:00:11
-------------------------------------------------------------------------------------------------------------
2026-01-28 01:24:36 | [PROCESS]  | GOLD - abt_base_cmv                      | Iniciando...
2026-01-28 01:26:40 | [SUCCESS]  | GOLD - abt_base_cmv                      | Status: OK | Duração: 00:02:04
-------------------------------------------------------------------------------------------------------------
2026-01-28 01:26:40 | [PROCESS]  | PROFILING GOLD - labels_fpd              | Iniciando...
2026-01-28 01:26:43 | [SUCCESS]  | PROFILING GOLD - labels_fpd              | Status: OK | Duração: 00:00:02
-------------------------------------------------------------------------------------------------------------
2026-01-28 01:26:43 | [PROCESS]  | PROFILING GOLD - abt_base_prod           | Iniciando...
2026-01-28 01:26:55 | [SUCCESS]  | PROFILING GOLD - abt_base_prod           | Status: OK | Duração: 00:00:12
-------------------------------------------------------------------------------------------------------------
2026-01-28 01:26:55 | [PROCESS]  | PROFILING GOLD - labels_fpd_bureau       | Iniciando...
2026-01-28 01:26:57 | [SUCCESS]  | PROFILING GOLD - labels_fpd_bureau       | Status: OK | Duração: 00:00:01
-------------------------------------------------------------------------------------------------------------
2026-01-28 01:26:57 | [PROCESS]  | PROFILING GOLD - abt_base_cmv            | Iniciando...
2026-01-28 01:27:14 | [SUCCESS]  | PROFILING GOLD - abt_base_cmv            | Status: OK | Duração: 00:00:17
-------------------------------------------------------------------------------------------------------------
2026-01-28 01:27:14 | [PROCESS]  | INSPECT GOLD                             | Iniciando...
2026-01-28 01:27:15 | [SUCCESS]  | INSPECT GOLD                             | Status: OK | Duração: 00:00:00
-------------------------------------------------------------------------------------------------------------
=============================================================================================================
2026-01-28 01:27:15 | [END]      | PIPELINE FINALIZADA COM SUCESSO
2026-01-28 01:27:15 | [END]      | TEMPO TOTAL: 00:47:09
=============================================================================================================
2026-01-28 01:27:15 | [PROCESS]  | UPLOAD OBSERVABILITY REPORTS             | Iniciando...
2026-01-28 01:27:16 | [SUCCESS]  | UPLOAD OBSERVABILITY REPORTS             | Status: OK | Duração: 00:00:00
-------------------------------------------------------------------------------------------------------------
