=============================================================================================================
2026-02-14 08:35:54 | [START]    | DATA PIPELINE EXECUTION - SQUAD 3
2026-02-14 08:35:54 | [INFO]     | RUN_ID:   20260214
2026-02-14 08:35:54 | [INFO]     | OPERADOR: ubuntu
2026-02-14 08:35:54 | [INFO]     | HOST:     squad3
2026-02-14 08:35:54 | [INFO]     | LOG FILE: bin/reports/pipeline_execution.log
=============================================================================================================
2026-02-14 08:35:54 | [PROCESS]  | QUALITY RAW                              | Iniciando...
2026-02-14 08:36:17 | [SUCCESS]  | QUALITY RAW                              | Status: OK | Duração: 00:00:23
-------------------------------------------------------------------------------------------------------------
2026-02-14 08:36:17 | [PROCESS]  | PROFILING RAW - atraso_dim               | Iniciando...
2026-02-14 08:36:19 | [SUCCESS]  | PROFILING RAW - atraso_dim               | Status: OK | Duração: 00:00:02
-------------------------------------------------------------------------------------------------------------
2026-02-14 08:36:19 | [PROCESS]  | PROFILING RAW - atraso                   | Iniciando...
2026-02-14 08:37:07 | [SUCCESS]  | PROFILING RAW - atraso                   | Status: OK | Duração: 00:00:47
-------------------------------------------------------------------------------------------------------------
2026-02-14 08:37:07 | [PROCESS]  | PROFILING RAW - dados_cadastrais         | Iniciando...
2026-02-14 08:37:15 | [SUCCESS]  | PROFILING RAW - dados_cadastrais         | Status: OK | Duração: 00:00:08
-------------------------------------------------------------------------------------------------------------
2026-02-14 08:37:15 | [PROCESS]  | PROFILING RAW - pagamento                | Iniciando...
2026-02-14 08:38:03 | [SUCCESS]  | PROFILING RAW - pagamento                | Status: OK | Duração: 00:00:47
-------------------------------------------------------------------------------------------------------------
2026-02-14 08:38:03 | [PROCESS]  | PROFILING RAW - recarga_dim              | Iniciando...
2026-02-14 08:38:21 | [SUCCESS]  | PROFILING RAW - recarga_dim              | Status: OK | Duração: 00:00:17
-------------------------------------------------------------------------------------------------------------
2026-02-14 08:38:21 | [PROCESS]  | PROFILING RAW - recarga                  | Iniciando...
2026-02-14 08:38:58 | [SUCCESS]  | PROFILING RAW - recarga                  | Status: OK | Duração: 00:00:36
-------------------------------------------------------------------------------------------------------------
2026-02-14 08:38:58 | [PROCESS]  | PROFILING RAW - score_bureau             | Iniciando...
2026-02-14 08:39:01 | [SUCCESS]  | PROFILING RAW - score_bureau             | Status: OK | Duração: 00:00:03
-------------------------------------------------------------------------------------------------------------
2026-02-14 08:39:01 | [PROCESS]  | PROFILING RAW - telco                    | Iniciando...
2026-02-14 08:39:08 | [SUCCESS]  | PROFILING RAW - telco                    | Status: OK | Duração: 00:00:07
-------------------------------------------------------------------------------------------------------------
2026-02-14 08:39:08 | [PROCESS]  | BRONZE - atraso                          | Iniciando...
2026-02-14 08:40:26 | [SUCCESS]  | BRONZE - atraso                          | Status: OK | Duração: 00:01:17
-------------------------------------------------------------------------------------------------------------
2026-02-14 08:40:26 | [PROCESS]  | BRONZE - atraso_dim                      | Iniciando...
2026-02-14 08:40:29 | [SUCCESS]  | BRONZE - atraso_dim                      | Status: OK | Duração: 00:00:03
-------------------------------------------------------------------------------------------------------------
2026-02-14 08:40:29 | [PROCESS]  | BRONZE - dados_cadastrais                | Iniciando...
2026-02-14 08:40:40 | [SUCCESS]  | BRONZE - dados_cadastrais                | Status: OK | Duração: 00:00:10
-------------------------------------------------------------------------------------------------------------
2026-02-14 08:40:40 | [PROCESS]  | BRONZE - pagamento                       | Iniciando...
2026-02-14 08:41:41 | [SUCCESS]  | BRONZE - pagamento                       | Status: OK | Duração: 00:01:01
-------------------------------------------------------------------------------------------------------------
2026-02-14 08:41:42 | [PROCESS]  | BRONZE - recarga                         | Iniciando...
2026-02-14 08:43:05 | [SUCCESS]  | BRONZE - recarga                         | Status: OK | Duração: 00:01:23
-------------------------------------------------------------------------------------------------------------
2026-02-14 08:43:05 | [PROCESS]  | BRONZE - recarga_dim                     | Iniciando...
2026-02-14 08:43:40 | [SUCCESS]  | BRONZE - recarga_dim                     | Status: OK | Duração: 00:00:34
-------------------------------------------------------------------------------------------------------------
2026-02-14 08:43:40 | [PROCESS]  | BRONZE - score_bureau                    | Iniciando...
2026-02-14 08:43:44 | [SUCCESS]  | BRONZE - score_bureau                    | Status: OK | Duração: 00:00:04
-------------------------------------------------------------------------------------------------------------
2026-02-14 08:43:44 | [PROCESS]  | BRONZE - telco                           | Iniciando...
2026-02-14 08:43:55 | [SUCCESS]  | BRONZE - telco                           | Status: OK | Duração: 00:00:10
-------------------------------------------------------------------------------------------------------------
2026-02-14 08:43:55 | [PROCESS]  | PROFILING BRONZE - atraso_dim            | Iniciando...
2026-02-14 08:43:55 | [SUCCESS]  | PROFILING BRONZE - atraso_dim            | Status: OK | Duração: 00:00:00
-------------------------------------------------------------------------------------------------------------
2026-02-14 08:43:55 | [PROCESS]  | PROFILING BRONZE - atraso                | Iniciando...
2026-02-14 08:44:30 | [SUCCESS]  | PROFILING BRONZE - atraso                | Status: OK | Duração: 00:00:35
-------------------------------------------------------------------------------------------------------------
2026-02-14 08:44:30 | [PROCESS]  | PROFILING BRONZE - dados_cadastrais      | Iniciando...
2026-02-14 08:44:35 | [SUCCESS]  | PROFILING BRONZE - dados_cadastrais      | Status: OK | Duração: 00:00:04
-------------------------------------------------------------------------------------------------------------
2026-02-14 08:44:35 | [PROCESS]  | PROFILING BRONZE - pagamento             | Iniciando...
2026-02-14 08:45:09 | [SUCCESS]  | PROFILING BRONZE - pagamento             | Status: OK | Duração: 00:00:33
-------------------------------------------------------------------------------------------------------------
2026-02-14 08:45:09 | [PROCESS]  | PROFILING BRONZE - recarga_dim           | Iniciando...
2026-02-14 08:45:11 | [SUCCESS]  | PROFILING BRONZE - recarga_dim           | Status: OK | Duração: 00:00:02
-------------------------------------------------------------------------------------------------------------
2026-02-14 08:45:11 | [PROCESS]  | PROFILING BRONZE - recarga               | Iniciando...
2026-02-14 08:45:48 | [SUCCESS]  | PROFILING BRONZE - recarga               | Status: OK | Duração: 00:00:36
-------------------------------------------------------------------------------------------------------------
2026-02-14 08:45:48 | [PROCESS]  | PROFILING BRONZE - score_bureau          | Iniciando...
2026-02-14 08:45:50 | [SUCCESS]  | PROFILING BRONZE - score_bureau          | Status: OK | Duração: 00:00:02
-------------------------------------------------------------------------------------------------------------
2026-02-14 08:45:50 | [PROCESS]  | PROFILING BRONZE - telco                 | Iniciando...
2026-02-14 08:45:57 | [SUCCESS]  | PROFILING BRONZE - telco                 | Status: OK | Duração: 00:00:06
-------------------------------------------------------------------------------------------------------------
2026-02-14 08:45:57 | [PROCESS]  | INSPECT BRONZE                           | Iniciando...
2026-02-14 08:46:05 | [SUCCESS]  | INSPECT BRONZE                           | Status: OK | Duração: 00:00:07
-------------------------------------------------------------------------------------------------------------
2026-02-14 08:46:05 | [PROCESS]  | SILVER - atraso                          | Iniciando...
2026-02-14 08:50:43 | [SUCCESS]  | SILVER - atraso                          | Status: OK | Duração: 00:04:37
-------------------------------------------------------------------------------------------------------------
2026-02-14 08:50:43 | [PROCESS]  | SILVER - dados_cadastrais                | Iniciando...
2026-02-14 08:50:56 | [SUCCESS]  | SILVER - dados_cadastrais                | Status: OK | Duração: 00:00:13
-------------------------------------------------------------------------------------------------------------
2026-02-14 08:50:56 | [PROCESS]  | SILVER - pagamento                       | Iniciando...
2026-02-14 08:53:59 | [SUCCESS]  | SILVER - pagamento                       | Status: OK | Duração: 00:03:02
-------------------------------------------------------------------------------------------------------------
2026-02-14 08:53:59 | [PROCESS]  | SILVER - recarga                         | Iniciando...
2026-02-14 08:59:22 | [SUCCESS]  | SILVER - recarga                         | Status: OK | Duração: 00:05:23
-------------------------------------------------------------------------------------------------------------
2026-02-14 08:59:22 | [PROCESS]  | SILVER - score_bureau                    | Iniciando...
2026-02-14 08:59:27 | [SUCCESS]  | SILVER - score_bureau                    | Status: OK | Duração: 00:00:05
-------------------------------------------------------------------------------------------------------------
2026-02-14 08:59:27 | [PROCESS]  | SILVER - telco                           | Iniciando...
2026-02-14 08:59:52 | [SUCCESS]  | SILVER - telco                           | Status: OK | Duração: 00:00:25
-------------------------------------------------------------------------------------------------------------
2026-02-14 08:59:52 | [PROCESS]  | PROFILING SILVER - atraso                | Iniciando...
2026-02-14 09:00:33 | [SUCCESS]  | PROFILING SILVER - atraso                | Status: OK | Duração: 00:00:40
-------------------------------------------------------------------------------------------------------------
2026-02-14 09:00:33 | [PROCESS]  | PROFILING SILVER - dados_cadastrais      | Iniciando...
2026-02-14 09:00:38 | [SUCCESS]  | PROFILING SILVER - dados_cadastrais      | Status: OK | Duração: 00:00:04
-------------------------------------------------------------------------------------------------------------
2026-02-14 09:00:38 | [PROCESS]  | PROFILING SILVER - pagamento             | Iniciando...
2026-02-14 09:01:13 | [SUCCESS]  | PROFILING SILVER - pagamento             | Status: OK | Duração: 00:00:35
-------------------------------------------------------------------------------------------------------------
2026-02-14 09:01:13 | [PROCESS]  | PROFILING SILVER - recarga               | Iniciando...
2026-02-14 09:02:12 | [SUCCESS]  | PROFILING SILVER - recarga               | Status: OK | Duração: 00:00:58
-------------------------------------------------------------------------------------------------------------
2026-02-14 09:02:12 | [PROCESS]  | PROFILING SILVER - score_bureau          | Iniciando...
2026-02-14 09:02:15 | [SUCCESS]  | PROFILING SILVER - score_bureau          | Status: OK | Duração: 00:00:02
-------------------------------------------------------------------------------------------------------------
2026-02-14 09:02:15 | [PROCESS]  | PROFILING SILVER - telco                 | Iniciando...
2026-02-14 09:02:22 | [SUCCESS]  | PROFILING SILVER - telco                 | Status: OK | Duração: 00:00:07
-------------------------------------------------------------------------------------------------------------
2026-02-14 09:02:22 | [PROCESS]  | INSPECT SILVER                           | Iniciando...
2026-02-14 09:02:30 | [SUCCESS]  | INSPECT SILVER                           | Status: OK | Duração: 00:00:07
-------------------------------------------------------------------------------------------------------------
2026-02-14 09:02:30 | [PROCESS]  | GOLD - labels_fpd                        | Iniciando...
2026-02-14 09:02:40 | [SUCCESS]  | GOLD - labels_fpd                        | Status: OK | Duração: 00:00:10
-------------------------------------------------------------------------------------------------------------
2026-02-14 09:02:40 | [PROCESS]  | GOLD - abt_base_prod                     | Iniciando...
2026-02-14 09:03:41 | [SUCCESS]  | GOLD - abt_base_prod                     | Status: OK | Duração: 00:01:00
-------------------------------------------------------------------------------------------------------------
2026-02-14 09:03:41 | [PROCESS]  | GOLD - labels_fpd_bureau                 | Iniciando...
2026-02-14 09:03:51 | [SUCCESS]  | GOLD - labels_fpd_bureau                 | Status: OK | Duração: 00:00:10
-------------------------------------------------------------------------------------------------------------
2026-02-14 09:03:51 | [PROCESS]  | GOLD - abt_base_cmv                      | Iniciando...
2026-02-14 09:05:09 | [SUCCESS]  | GOLD - abt_base_cmv                      | Status: OK | Duração: 00:01:18
-------------------------------------------------------------------------------------------------------------
2026-02-14 09:05:09 | [PROCESS]  | PROFILING GOLD - labels_fpd              | Iniciando...
2026-02-14 09:05:11 | [SUCCESS]  | PROFILING GOLD - labels_fpd              | Status: OK | Duração: 00:00:01
-------------------------------------------------------------------------------------------------------------
2026-02-14 09:05:11 | [PROCESS]  | PROFILING GOLD - abt_base_prod           | Iniciando...
2026-02-14 09:05:20 | [SUCCESS]  | PROFILING GOLD - abt_base_prod           | Status: OK | Duração: 00:00:08
-------------------------------------------------------------------------------------------------------------
2026-02-14 09:05:20 | [PROCESS]  | PROFILING GOLD - labels_fpd_bureau       | Iniciando...
2026-02-14 09:05:22 | [SUCCESS]  | PROFILING GOLD - labels_fpd_bureau       | Status: OK | Duração: 00:00:02
-------------------------------------------------------------------------------------------------------------
2026-02-14 09:05:22 | [PROCESS]  | PROFILING GOLD - abt_base_cmv            | Iniciando...
2026-02-14 09:05:34 | [SUCCESS]  | PROFILING GOLD - abt_base_cmv            | Status: OK | Duração: 00:00:11
-------------------------------------------------------------------------------------------------------------
2026-02-14 09:05:34 | [PROCESS]  | INSPECT GOLD                             | Iniciando...
2026-02-14 09:05:36 | [SUCCESS]  | INSPECT GOLD                             | Status: OK | Duração: 00:00:02
-------------------------------------------------------------------------------------------------------------
=============================================================================================================
2026-02-14 09:05:36 | [END]      | PIPELINE FINALIZADA COM SUCESSO
2026-02-14 09:05:36 | [END]      | TEMPO TOTAL: 00:29:42
=============================================================================================================
2026-02-14 09:05:36 | [PROCESS]  | PARSE OBSERVABILITY REPORTS              | Iniciando...
2026-02-14 09:05:37 | [SUCCESS]  | PARSE OBSERVABILITY REPORTS              | Status: OK | Duração: 00:00:00
-------------------------------------------------------------------------------------------------------------
2026-02-14 09:05:37 | [PROCESS]  | UPLOAD OBSERVABILITY REPORTS             | Iniciando...
2026-02-14 09:05:45 | [SUCCESS]  | UPLOAD OBSERVABILITY REPORTS             | Status: OK | Duração: 00:00:08
-------------------------------------------------------------------------------------------------------------
