=============================================================================================================
2026-01-29 01:36:15 | [START]    | DATA PIPELINE EXECUTION - SQUAD 3
2026-01-29 01:36:15 | [INFO]     | RUN_ID:   20260129
2026-01-29 01:36:15 | [INFO]     | OPERADOR: rafael
2026-01-29 01:36:15 | [INFO]     | HOST:     vps6795.panel.icontainer.run
2026-01-29 01:36:15 | [INFO]     | LOG FILE: bin/reports/pipeline_run_20260129.log
=============================================================================================================
2026-01-29 01:36:15 | [PROCESS]  | QUALITY RAW                              | Iniciando...
2026-01-29 01:36:19 | [SUCCESS]  | QUALITY RAW                              | Status: OK | Duração: 00:00:03
-------------------------------------------------------------------------------------------------------------
2026-01-29 01:36:19 | [PROCESS]  | PROFILING RAW - atraso_dim               | Iniciando...
2026-01-29 01:36:20 | [SUCCESS]  | PROFILING RAW - atraso_dim               | Status: OK | Duração: 00:00:00
-------------------------------------------------------------------------------------------------------------
2026-01-29 01:36:20 | [PROCESS]  | PROFILING RAW - atraso                   | Iniciando...
2026-01-29 01:37:10 | [SUCCESS]  | PROFILING RAW - atraso                   | Status: OK | Duração: 00:00:50
-------------------------------------------------------------------------------------------------------------
2026-01-29 01:37:10 | [PROCESS]  | PROFILING RAW - dados_cadastrais         | Iniciando...
2026-01-29 01:37:19 | [SUCCESS]  | PROFILING RAW - dados_cadastrais         | Status: OK | Duração: 00:00:08
-------------------------------------------------------------------------------------------------------------
2026-01-29 01:37:19 | [PROCESS]  | PROFILING RAW - pagamento                | Iniciando...
2026-01-29 01:38:02 | [SUCCESS]  | PROFILING RAW - pagamento                | Status: OK | Duração: 00:00:42
-------------------------------------------------------------------------------------------------------------
2026-01-29 01:38:02 | [PROCESS]  | PROFILING RAW - recarga_dim              | Iniciando...
2026-01-29 01:38:10 | [SUCCESS]  | PROFILING RAW - recarga_dim              | Status: OK | Duração: 00:00:08
-------------------------------------------------------------------------------------------------------------
2026-01-29 01:38:10 | [PROCESS]  | PROFILING RAW - recarga                  | Iniciando...
2026-01-29 01:38:53 | [SUCCESS]  | PROFILING RAW - recarga                  | Status: OK | Duração: 00:00:43
-------------------------------------------------------------------------------------------------------------
2026-01-29 01:38:53 | [PROCESS]  | PROFILING RAW - score_bureau             | Iniciando...
2026-01-29 01:38:56 | [SUCCESS]  | PROFILING RAW - score_bureau             | Status: OK | Duração: 00:00:03
-------------------------------------------------------------------------------------------------------------
2026-01-29 01:38:56 | [PROCESS]  | PROFILING RAW - telco                    | Iniciando...
2026-01-29 01:39:02 | [SUCCESS]  | PROFILING RAW - telco                    | Status: OK | Duração: 00:00:05
-------------------------------------------------------------------------------------------------------------
2026-01-29 01:39:02 | [PROCESS]  | BRONZE - atraso_dim                      | Iniciando...
2026-01-29 01:39:03 | [SUCCESS]  | BRONZE - atraso_dim                      | Status: OK | Duração: 00:00:01
-------------------------------------------------------------------------------------------------------------
2026-01-29 01:39:03 | [PROCESS]  | BRONZE - atraso                          | Iniciando...
2026-01-29 01:41:44 | [SUCCESS]  | BRONZE - atraso                          | Status: OK | Duração: 00:02:41
-------------------------------------------------------------------------------------------------------------
2026-01-29 01:41:44 | [PROCESS]  | BRONZE - dados_cadastrais                | Iniciando...
2026-01-29 01:41:57 | [SUCCESS]  | BRONZE - dados_cadastrais                | Status: OK | Duração: 00:00:12
-------------------------------------------------------------------------------------------------------------
2026-01-29 01:41:57 | [PROCESS]  | BRONZE - pagamento                       | Iniciando...
2026-01-29 01:44:26 | [SUCCESS]  | BRONZE - pagamento                       | Status: OK | Duração: 00:02:28
-------------------------------------------------------------------------------------------------------------
2026-01-29 01:44:26 | [PROCESS]  | BRONZE - recarga_dim                     | Iniciando...
2026-01-29 01:44:40 | [SUCCESS]  | BRONZE - recarga_dim                     | Status: OK | Duração: 00:00:14
-------------------------------------------------------------------------------------------------------------
2026-01-29 01:44:40 | [PROCESS]  | BRONZE - recarga                         | Iniciando...
2026-01-29 01:47:56 | [SUCCESS]  | BRONZE - recarga                         | Status: OK | Duração: 00:03:15
-------------------------------------------------------------------------------------------------------------
2026-01-29 01:47:56 | [PROCESS]  | BRONZE - score_bureau                    | Iniciando...
2026-01-29 01:48:00 | [SUCCESS]  | BRONZE - score_bureau                    | Status: OK | Duração: 00:00:04
-------------------------------------------------------------------------------------------------------------
2026-01-29 01:48:00 | [PROCESS]  | BRONZE - telco                           | Iniciando...
2026-01-29 01:48:12 | [SUCCESS]  | BRONZE - telco                           | Status: OK | Duração: 00:00:11
-------------------------------------------------------------------------------------------------------------
2026-01-29 01:48:12 | [PROCESS]  | PROFILING BRONZE - atraso_dim            | Iniciando...
2026-01-29 01:48:13 | [SUCCESS]  | PROFILING BRONZE - atraso_dim            | Status: OK | Duração: 00:00:01
-------------------------------------------------------------------------------------------------------------
2026-01-29 01:48:13 | [PROCESS]  | PROFILING BRONZE - atraso                | Iniciando...
2026-01-29 01:49:21 | [SUCCESS]  | PROFILING BRONZE - atraso                | Status: OK | Duração: 00:01:08
-------------------------------------------------------------------------------------------------------------
2026-01-29 01:49:21 | [PROCESS]  | PROFILING BRONZE - dados_cadastrais      | Iniciando...
2026-01-29 01:49:27 | [SUCCESS]  | PROFILING BRONZE - dados_cadastrais      | Status: OK | Duração: 00:00:05
-------------------------------------------------------------------------------------------------------------
2026-01-29 01:49:27 | [PROCESS]  | PROFILING BRONZE - pagamento             | Iniciando...
2026-01-29 01:50:35 | [SUCCESS]  | PROFILING BRONZE - pagamento             | Status: OK | Duração: 00:01:08
-------------------------------------------------------------------------------------------------------------
2026-01-29 01:50:35 | [PROCESS]  | PROFILING BRONZE - recarga_dim           | Iniciando...
2026-01-29 01:50:36 | [SUCCESS]  | PROFILING BRONZE - recarga_dim           | Status: OK | Duração: 00:00:01
-------------------------------------------------------------------------------------------------------------
2026-01-29 01:50:36 | [PROCESS]  | PROFILING BRONZE - recarga               | Iniciando...
2026-01-29 01:51:46 | [SUCCESS]  | PROFILING BRONZE - recarga               | Status: OK | Duração: 00:01:10
-------------------------------------------------------------------------------------------------------------
2026-01-29 01:51:46 | [PROCESS]  | PROFILING BRONZE - score_bureau          | Iniciando...
2026-01-29 01:51:49 | [SUCCESS]  | PROFILING BRONZE - score_bureau          | Status: OK | Duração: 00:00:02
-------------------------------------------------------------------------------------------------------------
2026-01-29 01:51:49 | [PROCESS]  | PROFILING BRONZE - telco                 | Iniciando...
2026-01-29 01:51:57 | [SUCCESS]  | PROFILING BRONZE - telco                 | Status: OK | Duração: 00:00:08
-------------------------------------------------------------------------------------------------------------
2026-01-29 01:51:57 | [PROCESS]  | INSPECT BRONZE                           | Iniciando...
2026-01-29 01:52:00 | [SUCCESS]  | INSPECT BRONZE                           | Status: OK | Duração: 00:00:02
-------------------------------------------------------------------------------------------------------------
2026-01-29 01:52:00 | [PROCESS]  | SILVER - atraso                          | Iniciando...
2026-01-29 01:57:38 | [SUCCESS]  | SILVER - atraso                          | Status: OK | Duração: 00:05:38
-------------------------------------------------------------------------------------------------------------
2026-01-29 01:57:38 | [PROCESS]  | SILVER - dados_cadastrais                | Iniciando...
2026-01-29 01:57:52 | [SUCCESS]  | SILVER - dados_cadastrais                | Status: OK | Duração: 00:00:14
-------------------------------------------------------------------------------------------------------------
2026-01-29 01:57:53 | [PROCESS]  | SILVER - pagamento                       | Iniciando...
2026-01-29 02:02:13 | [SUCCESS]  | SILVER - pagamento                       | Status: OK | Duração: 00:04:20
-------------------------------------------------------------------------------------------------------------
2026-01-29 02:02:13 | [PROCESS]  | SILVER - recarga                         | Iniciando...
2026-01-29 02:14:31 | [SUCCESS]  | SILVER - recarga                         | Status: OK | Duração: 00:12:18
-------------------------------------------------------------------------------------------------------------
2026-01-29 02:14:31 | [PROCESS]  | SILVER - score_bureau                    | Iniciando...
2026-01-29 02:14:37 | [SUCCESS]  | SILVER - score_bureau                    | Status: OK | Duração: 00:00:05
-------------------------------------------------------------------------------------------------------------
2026-01-29 02:14:37 | [PROCESS]  | SILVER - telco                           | Iniciando...
2026-01-29 02:15:01 | [SUCCESS]  | SILVER - telco                           | Status: OK | Duração: 00:00:24
-------------------------------------------------------------------------------------------------------------
2026-01-29 02:15:01 | [PROCESS]  | PROFILING SILVER - atraso                | Iniciando...
2026-01-29 02:16:16 | [SUCCESS]  | PROFILING SILVER - atraso                | Status: OK | Duração: 00:01:14
-------------------------------------------------------------------------------------------------------------
2026-01-29 02:16:16 | [PROCESS]  | PROFILING SILVER - dados_cadastrais      | Iniciando...
2026-01-29 02:16:22 | [SUCCESS]  | PROFILING SILVER - dados_cadastrais      | Status: OK | Duração: 00:00:05
-------------------------------------------------------------------------------------------------------------
2026-01-29 02:16:22 | [PROCESS]  | PROFILING SILVER - pagamento             | Iniciando...
2026-01-29 02:17:28 | [SUCCESS]  | PROFILING SILVER - pagamento             | Status: OK | Duração: 00:01:06
-------------------------------------------------------------------------------------------------------------
2026-01-29 02:17:28 | [PROCESS]  | PROFILING SILVER - recarga               | Iniciando...
2026-01-29 02:19:07 | [SUCCESS]  | PROFILING SILVER - recarga               | Status: OK | Duração: 00:01:39
-------------------------------------------------------------------------------------------------------------
2026-01-29 02:19:07 | [PROCESS]  | PROFILING SILVER - score_bureau          | Iniciando...
2026-01-29 02:19:10 | [SUCCESS]  | PROFILING SILVER - score_bureau          | Status: OK | Duração: 00:00:02
-------------------------------------------------------------------------------------------------------------
2026-01-29 02:19:10 | [PROCESS]  | PROFILING SILVER - telco                 | Iniciando...
2026-01-29 02:19:18 | [SUCCESS]  | PROFILING SILVER - telco                 | Status: OK | Duração: 00:00:07
-------------------------------------------------------------------------------------------------------------
2026-01-29 02:19:18 | [PROCESS]  | INSPECT SILVER                           | Iniciando...
2026-01-29 02:19:21 | [SUCCESS]  | INSPECT SILVER                           | Status: OK | Duração: 00:00:03
-------------------------------------------------------------------------------------------------------------
2026-01-29 02:19:21 | [PROCESS]  | GOLD - labels_fpd                        | Iniciando...
2026-01-29 02:19:31 | [SUCCESS]  | GOLD - labels_fpd                        | Status: OK | Duração: 00:00:09
-------------------------------------------------------------------------------------------------------------
2026-01-29 02:19:31 | [PROCESS]  | GOLD - abt_base_prod                     | Iniciando...
2026-01-29 02:20:46 | [SUCCESS]  | GOLD - abt_base_prod                     | Status: OK | Duração: 00:01:15
-------------------------------------------------------------------------------------------------------------
2026-01-29 02:20:46 | [PROCESS]  | GOLD - labels_fpd_bureau                 | Iniciando...
2026-01-29 02:20:58 | [SUCCESS]  | GOLD - labels_fpd_bureau                 | Status: OK | Duração: 00:00:11
-------------------------------------------------------------------------------------------------------------
2026-01-29 02:20:58 | [PROCESS]  | GOLD - abt_base_cmv                      | Iniciando...
2026-01-29 02:23:02 | [SUCCESS]  | GOLD - abt_base_cmv                      | Status: OK | Duração: 00:02:03
-------------------------------------------------------------------------------------------------------------
2026-01-29 02:23:02 | [PROCESS]  | PROFILING GOLD - labels_fpd              | Iniciando...
2026-01-29 02:23:04 | [SUCCESS]  | PROFILING GOLD - labels_fpd              | Status: OK | Duração: 00:00:02
-------------------------------------------------------------------------------------------------------------
2026-01-29 02:23:04 | [PROCESS]  | PROFILING GOLD - abt_base_prod           | Iniciando...
2026-01-29 02:23:16 | [SUCCESS]  | PROFILING GOLD - abt_base_prod           | Status: OK | Duração: 00:00:12
-------------------------------------------------------------------------------------------------------------
2026-01-29 02:23:16 | [PROCESS]  | PROFILING GOLD - labels_fpd_bureau       | Iniciando...
2026-01-29 02:23:18 | [SUCCESS]  | PROFILING GOLD - labels_fpd_bureau       | Status: OK | Duração: 00:00:01
-------------------------------------------------------------------------------------------------------------
2026-01-29 02:23:18 | [PROCESS]  | PROFILING GOLD - abt_base_cmv            | Iniciando...
2026-01-29 02:23:39 | [SUCCESS]  | PROFILING GOLD - abt_base_cmv            | Status: OK | Duração: 00:00:20
-------------------------------------------------------------------------------------------------------------
2026-01-29 02:23:39 | [PROCESS]  | INSPECT GOLD                             | Iniciando...
2026-01-29 02:23:40 | [SUCCESS]  | INSPECT GOLD                             | Status: OK | Duração: 00:00:01
-------------------------------------------------------------------------------------------------------------
=============================================================================================================
2026-01-29 02:23:40 | [END]      | PIPELINE FINALIZADA COM SUCESSO
2026-01-29 02:23:40 | [END]      | TEMPO TOTAL: 00:47:24
=============================================================================================================
2026-01-29 02:23:40 | [PROCESS]  | UPLOAD OBSERVABILITY REPORTS             | Iniciando...
2026-01-29 02:23:41 | [SUCCESS]  | UPLOAD OBSERVABILITY REPORTS             | Status: OK | Duração: 00:00:00
-------------------------------------------------------------------------------------------------------------
