=============================================================================================================
2026-01-23 22:25:49 | [START]    | DATA PIPELINE EXECUTION - SQUAD 3
2026-01-23 22:25:49 | [INFO]     | RUN_ID:   20260123_222549
2026-01-23 22:25:49 | [INFO]     | OPERADOR: rafael
2026-01-23 22:25:49 | [INFO]     | HOST:     vps6795.panel.icontainer.run
2026-01-23 22:25:49 | [INFO]     | LOG FILE: bin/reports/pipeline_run_20260123_222549.log
=============================================================================================================
2026-01-23 22:25:49 | [PROCESS]  | PROFILING RAW - atraso_dim               | Iniciando...
2026-01-23 22:25:50 | [SUCCESS]  | PROFILING RAW - atraso_dim               | Status: OK | Duração: 00:00:01
-------------------------------------------------------------------------------------------------------------
2026-01-23 22:25:50 | [PROCESS]  | PROFILING RAW - atraso                   | Iniciando...
2026-01-23 22:26:42 | [SUCCESS]  | PROFILING RAW - atraso                   | Status: OK | Duração: 00:00:51
-------------------------------------------------------------------------------------------------------------
2026-01-23 22:26:42 | [PROCESS]  | PROFILING RAW - dados_cadastrais         | Iniciando...
2026-01-23 22:26:50 | [SUCCESS]  | PROFILING RAW - dados_cadastrais         | Status: OK | Duração: 00:00:08
-------------------------------------------------------------------------------------------------------------
2026-01-23 22:26:50 | [PROCESS]  | PROFILING RAW - pagamento                | Iniciando...
2026-01-23 22:27:33 | [SUCCESS]  | PROFILING RAW - pagamento                | Status: OK | Duração: 00:00:43
-------------------------------------------------------------------------------------------------------------
2026-01-23 22:27:33 | [PROCESS]  | PROFILING RAW - recarga_dim              | Iniciando...
2026-01-23 22:27:41 | [SUCCESS]  | PROFILING RAW - recarga_dim              | Status: OK | Duração: 00:00:08
-------------------------------------------------------------------------------------------------------------
2026-01-23 22:27:41 | [PROCESS]  | PROFILING RAW - recarga                  | Iniciando...
2026-01-23 22:28:24 | [SUCCESS]  | PROFILING RAW - recarga                  | Status: OK | Duração: 00:00:42
-------------------------------------------------------------------------------------------------------------
2026-01-23 22:28:24 | [PROCESS]  | PROFILING RAW - score_bureau             | Iniciando...
2026-01-23 22:28:27 | [SUCCESS]  | PROFILING RAW - score_bureau             | Status: OK | Duração: 00:00:03
-------------------------------------------------------------------------------------------------------------
2026-01-23 22:28:27 | [PROCESS]  | PROFILING RAW - telco                    | Iniciando...
2026-01-23 22:28:34 | [SUCCESS]  | PROFILING RAW - telco                    | Status: OK | Duração: 00:00:06
-------------------------------------------------------------------------------------------------------------
2026-01-23 22:28:34 | [PROCESS]  | BRONZE - atraso_dim                      | Iniciando...
2026-01-23 22:28:35 | [SUCCESS]  | BRONZE - atraso_dim                      | Status: OK | Duração: 00:00:01
-------------------------------------------------------------------------------------------------------------
2026-01-23 22:28:35 | [PROCESS]  | BRONZE - atraso                          | Iniciando...
2026-01-23 22:31:16 | [SUCCESS]  | BRONZE - atraso                          | Status: OK | Duração: 00:02:40
-------------------------------------------------------------------------------------------------------------
2026-01-23 22:31:16 | [PROCESS]  | BRONZE - dados_cadastrais                | Iniciando...
2026-01-23 22:31:29 | [SUCCESS]  | BRONZE - dados_cadastrais                | Status: OK | Duração: 00:00:12
-------------------------------------------------------------------------------------------------------------
2026-01-23 22:31:29 | [PROCESS]  | BRONZE - pagamento                       | Iniciando...
2026-01-23 22:33:59 | [SUCCESS]  | BRONZE - pagamento                       | Status: OK | Duração: 00:02:30
-------------------------------------------------------------------------------------------------------------
2026-01-23 22:33:59 | [PROCESS]  | BRONZE - recarga_dim                     | Iniciando...
2026-01-23 22:34:13 | [SUCCESS]  | BRONZE - recarga_dim                     | Status: OK | Duração: 00:00:13
-------------------------------------------------------------------------------------------------------------
2026-01-23 22:34:13 | [PROCESS]  | BRONZE - recarga                         | Iniciando...
2026-01-23 22:37:29 | [SUCCESS]  | BRONZE - recarga                         | Status: OK | Duração: 00:03:15
-------------------------------------------------------------------------------------------------------------
2026-01-23 22:37:29 | [PROCESS]  | BRONZE - score_bureau                    | Iniciando...
2026-01-23 22:37:33 | [SUCCESS]  | BRONZE - score_bureau                    | Status: OK | Duração: 00:00:04
-------------------------------------------------------------------------------------------------------------
2026-01-23 22:37:33 | [PROCESS]  | BRONZE - telco                           | Iniciando...
2026-01-23 22:37:44 | [SUCCESS]  | BRONZE - telco                           | Status: OK | Duração: 00:00:11
-------------------------------------------------------------------------------------------------------------
2026-01-23 22:37:44 | [PROCESS]  | PROFILING BRONZE - atraso_dim            | Iniciando...
2026-01-23 22:37:45 | [SUCCESS]  | PROFILING BRONZE - atraso_dim            | Status: OK | Duração: 00:00:01
-------------------------------------------------------------------------------------------------------------
2026-01-23 22:37:45 | [PROCESS]  | PROFILING BRONZE - atraso                | Iniciando...
2026-01-23 22:38:53 | [SUCCESS]  | PROFILING BRONZE - atraso                | Status: OK | Duração: 00:01:07
-------------------------------------------------------------------------------------------------------------
2026-01-23 22:38:53 | [PROCESS]  | PROFILING BRONZE - dados_cadastrais      | Iniciando...
2026-01-23 22:38:59 | [SUCCESS]  | PROFILING BRONZE - dados_cadastrais      | Status: OK | Duração: 00:00:05
-------------------------------------------------------------------------------------------------------------
2026-01-23 22:38:59 | [PROCESS]  | PROFILING BRONZE - pagamento             | Iniciando...
2026-01-23 22:40:06 | [SUCCESS]  | PROFILING BRONZE - pagamento             | Status: OK | Duração: 00:01:06
-------------------------------------------------------------------------------------------------------------
2026-01-23 22:40:06 | [PROCESS]  | PROFILING BRONZE - recarga_dim           | Iniciando...
2026-01-23 22:40:07 | [SUCCESS]  | PROFILING BRONZE - recarga_dim           | Status: OK | Duração: 00:00:01
-------------------------------------------------------------------------------------------------------------
2026-01-23 22:40:07 | [PROCESS]  | PROFILING BRONZE - recarga               | Iniciando...
2026-01-23 22:41:19 | [SUCCESS]  | PROFILING BRONZE - recarga               | Status: OK | Duração: 00:01:11
-------------------------------------------------------------------------------------------------------------
2026-01-23 22:41:19 | [PROCESS]  | PROFILING BRONZE - score_bureau          | Iniciando...
2026-01-23 22:41:21 | [SUCCESS]  | PROFILING BRONZE - score_bureau          | Status: OK | Duração: 00:00:02
-------------------------------------------------------------------------------------------------------------
2026-01-23 22:41:21 | [PROCESS]  | PROFILING BRONZE - telco                 | Iniciando...
2026-01-23 22:41:29 | [SUCCESS]  | PROFILING BRONZE - telco                 | Status: OK | Duração: 00:00:07
-------------------------------------------------------------------------------------------------------------
2026-01-23 22:41:29 | [PROCESS]  | INSPECT BRONZE                           | Iniciando...
2026-01-23 22:41:32 | [SUCCESS]  | INSPECT BRONZE                           | Status: OK | Duração: 00:00:02
-------------------------------------------------------------------------------------------------------------
2026-01-23 22:41:32 | [PROCESS]  | SILVER - atraso                          | Iniciando...
2026-01-23 22:47:10 | [SUCCESS]  | SILVER - atraso                          | Status: OK | Duração: 00:05:38
-------------------------------------------------------------------------------------------------------------
2026-01-23 22:47:10 | [PROCESS]  | SILVER - dados_cadastrais                | Iniciando...
2026-01-23 22:47:24 | [SUCCESS]  | SILVER - dados_cadastrais                | Status: OK | Duração: 00:00:14
-------------------------------------------------------------------------------------------------------------
2026-01-23 22:47:24 | [PROCESS]  | SILVER - pagamento                       | Iniciando...
2026-01-23 22:51:44 | [SUCCESS]  | SILVER - pagamento                       | Status: OK | Duração: 00:04:19
-------------------------------------------------------------------------------------------------------------
2026-01-23 22:51:44 | [PROCESS]  | SILVER - recarga                         | Iniciando...
2026-01-23 23:04:31 | [SUCCESS]  | SILVER - recarga                         | Status: OK | Duração: 00:12:47
-------------------------------------------------------------------------------------------------------------
2026-01-23 23:04:31 | [PROCESS]  | SILVER - score_bureau                    | Iniciando...
2026-01-23 23:04:38 | [SUCCESS]  | SILVER - score_bureau                    | Status: OK | Duração: 00:00:06
-------------------------------------------------------------------------------------------------------------
2026-01-23 23:04:38 | [PROCESS]  | SILVER - telco                           | Iniciando...
2026-01-23 23:05:03 | [SUCCESS]  | SILVER - telco                           | Status: OK | Duração: 00:00:24
-------------------------------------------------------------------------------------------------------------
2026-01-23 23:05:03 | [PROCESS]  | PROFILING SILVER - atraso                | Iniciando...
2026-01-23 23:06:16 | [SUCCESS]  | PROFILING SILVER - atraso                | Status: OK | Duração: 00:01:12
-------------------------------------------------------------------------------------------------------------
2026-01-23 23:06:16 | [PROCESS]  | PROFILING SILVER - dados_cadastrais      | Iniciando...
2026-01-23 23:06:22 | [SUCCESS]  | PROFILING SILVER - dados_cadastrais      | Status: OK | Duração: 00:00:06
-------------------------------------------------------------------------------------------------------------
2026-01-23 23:06:22 | [PROCESS]  | PROFILING SILVER - pagamento             | Iniciando...
2026-01-23 23:07:26 | [SUCCESS]  | PROFILING SILVER - pagamento             | Status: OK | Duração: 00:01:04
-------------------------------------------------------------------------------------------------------------
2026-01-23 23:07:26 | [PROCESS]  | PROFILING SILVER - recarga               | Iniciando...
2026-01-23 23:09:03 | [SUCCESS]  | PROFILING SILVER - recarga               | Status: OK | Duração: 00:01:37
-------------------------------------------------------------------------------------------------------------
2026-01-23 23:09:03 | [PROCESS]  | PROFILING SILVER - score_bureau          | Iniciando...
2026-01-23 23:09:06 | [SUCCESS]  | PROFILING SILVER - score_bureau          | Status: OK | Duração: 00:00:02
-------------------------------------------------------------------------------------------------------------
2026-01-23 23:09:06 | [PROCESS]  | PROFILING SILVER - telco                 | Iniciando...
2026-01-23 23:09:14 | [SUCCESS]  | PROFILING SILVER - telco                 | Status: OK | Duração: 00:00:07
-------------------------------------------------------------------------------------------------------------
2026-01-23 23:09:14 | [PROCESS]  | INSPECT SILVER                           | Iniciando...
2026-01-23 23:09:16 | [SUCCESS]  | INSPECT SILVER                           | Status: OK | Duração: 00:00:02
-------------------------------------------------------------------------------------------------------------
2026-01-23 23:09:16 | [PROCESS]  | GOLD - labels_fpd                        | Iniciando...
2026-01-23 23:09:26 | [SUCCESS]  | GOLD - labels_fpd                        | Status: OK | Duração: 00:00:09
-------------------------------------------------------------------------------------------------------------
2026-01-23 23:09:26 | [PROCESS]  | GOLD - abt_base_prod                     | Iniciando...
2026-01-23 23:10:39 | [SUCCESS]  | GOLD - abt_base_prod                     | Status: OK | Duração: 00:01:13
-------------------------------------------------------------------------------------------------------------
2026-01-23 23:10:39 | [PROCESS]  | PROFILING GOLD - labels_fpd              | Iniciando...
2026-01-23 23:10:41 | [SUCCESS]  | PROFILING GOLD - labels_fpd              | Status: OK | Duração: 00:00:01
-------------------------------------------------------------------------------------------------------------
2026-01-23 23:10:41 | [PROCESS]  | PROFILING GOLD - abt_base_prod           | Iniciando...
2026-01-23 23:10:53 | [SUCCESS]  | PROFILING GOLD - abt_base_prod           | Status: OK | Duração: 00:00:11
-------------------------------------------------------------------------------------------------------------
2026-01-23 23:10:53 | [PROCESS]  | INSPECT GOLD                             | Iniciando...
2026-01-23 23:10:54 | [SUCCESS]  | INSPECT GOLD                             | Status: OK | Duração: 00:00:00
-------------------------------------------------------------------------------------------------------------
=============================================================================================================
2026-01-23 23:10:54 | [END]      | PIPELINE FINALIZADA COM SUCESSO
2026-01-23 23:10:54 | [END]      | TEMPO TOTAL: 00:45:04
=============================================================================================================
2026-01-23 23:10:54 | [PROCESS]  | UPLOAD OBSERVABILITY REPORTS             | Iniciando...
2026-01-23 23:10:54 | [SUCCESS]  | UPLOAD OBSERVABILITY REPORTS             | Status: OK | Duração: 00:00:00
-------------------------------------------------------------------------------------------------------------
