
================================================================================
🕵️  AUDITORIA DE PARTIÇÕES SILVER - 2026-01-15 11:38:53
📂 Arquivo de Log: reports/observability/integrity/inspect_partition-gold.log
================================================================================

📊 TABELA: LABELS_FPD
❌ Erro: Nenhuma run_id encontrada para labels_fpd

================================================================================
🏁 Auditoria Finalizada.
================================================================================


================================================================================
🕵️  AUDITORIA DE PARTIÇÕES SILVER - 2026-01-15 11:39:32
📂 Arquivo de Log: reports/observability/integrity/inspect_partition-gold.log
================================================================================

📊 TABELA: LABELS_FPD
🆔 Run ID: 20260115_140241 | Coluna: safra
📅 Janela: 202410 a 202503
------------------------------------------------------------
  📁 202410: ❌ Pasta não encontrada
  📁 202411: ❌ Pasta não encontrada
  📁 202412: ❌ Pasta não encontrada
  📁 202501: ❌ Pasta não encontrada
  📁 202502: ❌ Pasta não encontrada
  📁 202503: ❌ Pasta não encontrada

================================================================================
🏁 Auditoria Finalizada.
================================================================================


================================================================================
🕵️  AUDITORIA DE PARTIÇÕES GOLD - 2026-01-15 11:40:43
📂 Arquivo de Log: reports/observability/integrity/inspect_partition-gold.log
================================================================================

📊 TABELA: LABELS_FPD
🆔 Run ID: 20260115_140241 | Coluna: safra
📅 Janela: 202410 a 202503
------------------------------------------------------------
  📁 202410:    207,953 linhas | Min: 2024-10-01 00:00:00 | Max: 2024-10-01 00:00:00 | ✅ OK
  📁 202411:    231,824 linhas | Min: 2024-11-01 00:00:00 | Max: 2024-11-01 00:00:00 | ✅ OK
  📁 202412:    232,984 linhas | Min: 2024-12-01 00:00:00 | Max: 2024-12-01 00:00:00 | ✅ OK
  📁 202501:    226,446 linhas | Min: 2025-01-01 00:00:00 | Max: 2025-01-01 00:00:00 | ✅ OK
  📁 202502:    208,731 linhas | Min: 2025-02-01 00:00:00 | Max: 2025-02-01 00:00:00 | ✅ OK
  📁 202503:    213,230 linhas | Min: 2025-03-01 00:00:00 | Max: 2025-03-01 00:00:00 | ✅ OK

================================================================================
🏁 Auditoria Finalizada.
================================================================================

