
================================================================================
🕵️  AUDITORIA DE PARTIÇÕES BRONZE - 2026-02-12 01:00:37
📂 Arquivo de Log: reports/observability/integrity/inspect_partition-bronze.log
================================================================================

📊 TABELA: ATRASO
🆔 Run ID: 20260212 | Coluna: dat_referencia
📅 Janela: 202310 a 202503
------------------------------------------------------------
  📁 202310:  1,173,302 linhas | Min: 2023-10-01 00:00:00 | Max: 2023-10-01 00:00:00 | ✅ OK
  📁 202311:  1,152,922 linhas | Min: 2023-11-01 00:00:00 | Max: 2023-11-01 00:00:00 | ✅ OK
  📁 202312:  1,252,111 linhas | Min: 2023-12-01 00:00:00 | Max: 2023-12-01 00:00:00 | ✅ OK
  📁 202401:  1,026,478 linhas | Min: 2024-01-01 00:00:00 | Max: 2024-01-01 00:00:00 | ✅ OK
  📁 202402:  1,055,098 linhas | Min: 2024-02-01 00:00:00 | Max: 2024-02-01 00:00:00 | ✅ OK
  📁 202403:  1,074,593 linhas | Min: 2024-03-01 00:00:00 | Max: 2024-03-01 00:00:00 | ✅ OK
  📁 202404:  1,160,777 linhas | Min: 2024-04-01 00:00:00 | Max: 2024-04-01 00:00:00 | ✅ OK
  📁 202405:  1,196,731 linhas | Min: 2024-05-01 00:00:00 | Max: 2024-05-01 00:00:00 | ✅ OK
  📁 202406:  1,225,694 linhas | Min: 2024-06-01 00:00:00 | Max: 2024-06-01 00:00:00 | ✅ OK
  📁 202407:  1,318,087 linhas | Min: 2024-07-01 00:00:00 | Max: 2024-07-01 00:00:00 | ✅ OK
  📁 202408:  1,397,247 linhas | Min: 2024-08-01 00:00:00 | Max: 2024-08-01 00:00:00 | ✅ OK
  📁 202409:  1,510,312 linhas | Min: 2024-09-01 00:00:00 | Max: 2024-09-01 00:00:00 | ✅ OK
  📁 202410:  1,683,363 linhas | Min: 2024-10-01 00:00:00 | Max: 2024-10-01 00:00:00 | ✅ OK
  📁 202411:  1,883,050 linhas | Min: 2024-11-01 00:00:00 | Max: 2024-11-01 00:00:00 | ✅ OK
  📁 202412:  2,444,916 linhas | Min: 2024-12-01 00:00:00 | Max: 2024-12-01 00:00:00 | ✅ OK
  📁 202501:  3,018,681 linhas | Min: 2025-01-01 00:00:00 | Max: 2025-01-01 00:00:00 | ✅ OK
  📁 202502:  3,643,289 linhas | Min: 2025-02-01 00:00:00 | Max: 2025-02-01 00:00:00 | ✅ OK
  📁 202503:  4,394,665 linhas | Min: 2025-03-01 00:00:00 | Max: 2025-03-01 00:00:00 | ✅ OK

📊 TABELA: DADOS_CADASTRAIS
🆔 Run ID: 20260212 | Coluna: safra
📅 Janela: 202410 a 202503
------------------------------------------------------------
  📁 202410:    653,586 linhas | Min: 2024-10-01 00:00:00 | Max: 2024-10-01 00:00:00 | ✅ OK
  📁 202411:    665,737 linhas | Min: 2024-11-01 00:00:00 | Max: 2024-11-01 00:00:00 | ✅ OK
  📁 202412:    646,037 linhas | Min: 2024-12-01 00:00:00 | Max: 2024-12-01 00:00:00 | ✅ OK
  📁 202501:    667,227 linhas | Min: 2025-01-01 00:00:00 | Max: 2025-01-01 00:00:00 | ✅ OK
  📁 202502:    619,961 linhas | Min: 2025-02-01 00:00:00 | Max: 2025-02-01 00:00:00 | ✅ OK
  📁 202503:    647,830 linhas | Min: 2025-03-01 00:00:00 | Max: 2025-03-01 00:00:00 | ✅ OK

📊 TABELA: PAGAMENTO
🆔 Run ID: 20260212 | Coluna: dat_status_fatura
📅 Janela: 202310 a 202503
------------------------------------------------------------
  📁 202310:    869,793 linhas | Min: 2023-10-01 00:00:00 | Max: 2023-10-31 00:00:00 | ✅ OK
  📁 202311:    869,501 linhas | Min: 2023-11-01 00:00:00 | Max: 2023-11-30 00:00:00 | ✅ OK
  📁 202312:    929,072 linhas | Min: 2023-12-01 00:00:00 | Max: 2023-12-31 00:00:00 | ✅ OK
  📁 202401:    923,529 linhas | Min: 2024-01-01 00:00:00 | Max: 2024-01-31 00:00:00 | ✅ OK
  📁 202402:    943,835 linhas | Min: 2024-02-01 00:00:00 | Max: 2024-02-29 00:00:00 | ✅ OK
  📁 202403:    984,772 linhas | Min: 2024-03-01 00:00:00 | Max: 2024-03-31 00:00:00 | ✅ OK
  📁 202404:  1,002,252 linhas | Min: 2024-04-01 00:00:00 | Max: 2024-04-30 00:00:00 | ✅ OK
  📁 202405:  1,043,511 linhas | Min: 2024-05-01 00:00:00 | Max: 2024-05-31 00:00:00 | ✅ OK
  📁 202406:  1,012,756 linhas | Min: 2024-06-01 00:00:00 | Max: 2024-06-30 00:00:00 | ✅ OK
  📁 202407:  1,068,676 linhas | Min: 2024-07-01 00:00:00 | Max: 2024-07-31 00:00:00 | ✅ OK
  📁 202408:  1,074,927 linhas | Min: 2024-08-01 00:00:00 | Max: 2024-08-31 00:00:00 | ✅ OK
  📁 202409:  1,050,711 linhas | Min: 2024-09-01 00:00:00 | Max: 2024-09-30 00:00:00 | ✅ OK
  📁 202410:  1,112,563 linhas | Min: 2024-10-01 00:00:00 | Max: 2024-10-31 00:00:00 | ✅ OK
  📁 202411:  1,189,482 linhas | Min: 2024-11-01 00:00:00 | Max: 2024-11-30 00:00:00 | ✅ OK
  📁 202412:  1,501,147 linhas | Min: 2024-12-01 00:00:00 | Max: 2024-12-31 00:00:00 | ✅ OK
  📁 202501:  1,771,821 linhas | Min: 2025-01-01 00:00:00 | Max: 2025-01-31 00:00:00 | ✅ OK
  📁 202502:  2,015,493 linhas | Min: 2025-02-01 00:00:00 | Max: 2025-02-28 00:00:00 | ✅ OK
  📁 202503:  2,465,787 linhas | Min: 2025-03-01 00:00:00 | Max: 2025-03-31 00:00:00 | ✅ OK

📊 TABELA: RECARGA
🆔 Run ID: 20260212 | Coluna: dat_insercao_credito
📅 Janela: 202310 a 202503
------------------------------------------------------------
  📁 202310:  4,366,091 linhas | Min: 2023-10-01 00:00:00 | Max: 2023-10-31 00:00:00 | ✅ OK
  📁 202311:  4,312,612 linhas | Min: 2023-11-01 00:00:00 | Max: 2023-11-30 00:00:00 | ✅ OK
  📁 202312:  4,609,579 linhas | Min: 2023-12-01 00:00:00 | Max: 2023-12-31 00:00:00 | ✅ OK
  📁 202401:  4,397,192 linhas | Min: 2024-01-01 00:00:00 | Max: 2024-01-31 00:00:00 | ✅ OK
  📁 202402:  4,444,044 linhas | Min: 2024-02-01 00:00:00 | Max: 2024-02-29 00:00:00 | ✅ OK
  📁 202403:  4,981,887 linhas | Min: 2024-03-01 00:00:00 | Max: 2024-03-31 00:00:00 | ✅ OK
  📁 202404:  4,890,093 linhas | Min: 2024-04-01 00:00:00 | Max: 2024-04-30 00:00:00 | ✅ OK
  📁 202405:  5,102,046 linhas | Min: 2024-05-01 00:00:00 | Max: 2024-05-31 00:00:00 | ✅ OK
  📁 202406:  5,150,385 linhas | Min: 2024-06-01 00:00:00 | Max: 2024-06-30 00:00:00 | ✅ OK
  📁 202407:  5,549,310 linhas | Min: 2024-07-01 00:00:00 | Max: 2024-07-31 00:00:00 | ✅ OK
  📁 202408:  5,903,693 linhas | Min: 2024-08-01 00:00:00 | Max: 2024-08-31 00:00:00 | ✅ OK
  📁 202409:  5,849,901 linhas | Min: 2024-09-01 00:00:00 | Max: 2024-09-30 00:00:00 | ✅ OK
  📁 202410:  6,849,716 linhas | Min: 2024-10-01 00:00:00 | Max: 2024-10-31 00:00:00 | ✅ OK
  📁 202411:  7,187,244 linhas | Min: 2024-11-01 00:00:00 | Max: 2024-11-30 00:00:00 | ✅ OK
  📁 202412:  7,321,919 linhas | Min: 2024-12-01 00:00:00 | Max: 2024-12-31 00:00:00 | ✅ OK
  📁 202501:  6,691,129 linhas | Min: 2025-01-01 00:00:00 | Max: 2025-01-31 00:00:00 | ✅ OK
  📁 202502:  6,271,393 linhas | Min: 2025-02-01 00:00:00 | Max: 2025-02-28 00:00:00 | ✅ OK
  📁 202503:  6,335,417 linhas | Min: 2025-03-01 00:00:00 | Max: 2025-03-31 00:00:00 | ✅ OK

📊 TABELA: SCORE_BUREAU_MOVEL
🆔 Run ID: 20260212 | Coluna: safra
📅 Janela: 202410 a 202503
------------------------------------------------------------
  📁 202410:    636,951 linhas | Min: 2024-10-01 00:00:00 | Max: 2024-10-01 00:00:00 | ✅ OK
  📁 202411:    647,199 linhas | Min: 2024-11-01 00:00:00 | Max: 2024-11-01 00:00:00 | ✅ OK
  📁 202412:    626,744 linhas | Min: 2024-12-01 00:00:00 | Max: 2024-12-01 00:00:00 | ✅ OK
  📁 202501:    648,554 linhas | Min: 2025-01-01 00:00:00 | Max: 2025-01-01 00:00:00 | ✅ OK
  📁 202502:    602,344 linhas | Min: 2025-02-01 00:00:00 | Max: 2025-02-01 00:00:00 | ✅ OK
  📁 202503:    633,518 linhas | Min: 2025-03-01 00:00:00 | Max: 2025-03-01 00:00:00 | ✅ OK

📊 TABELA: TELCO
🆔 Run ID: 20260212 | Coluna: safra
📅 Janela: 202410 a 202503
------------------------------------------------------------
  📁 202410:    219,860 linhas | Min: 2024-10-01 00:00:00 | Max: 2024-10-01 00:00:00 | ✅ OK
  📁 202411:    240,520 linhas | Min: 2024-11-01 00:00:00 | Max: 2024-11-01 00:00:00 | ✅ OK
  📁 202412:    241,453 linhas | Min: 2024-12-01 00:00:00 | Max: 2024-12-01 00:00:00 | ✅ OK
  📁 202501:    233,710 linhas | Min: 2025-01-01 00:00:00 | Max: 2025-01-01 00:00:00 | ✅ OK
  📁 202502:    214,665 linhas | Min: 2025-02-01 00:00:00 | Max: 2025-02-01 00:00:00 | ✅ OK
  📁 202503:    216,896 linhas | Min: 2025-03-01 00:00:00 | Max: 2025-03-01 00:00:00 | ✅ OK

================================================================================
🏁 Auditoria Finalizada.
================================================================================

