
================================================================================
🕵️  AUDITORIA DE PARTIÇÕES SILVER - 2026-01-23 23:09:14
📂 Arquivo de Log: reports/observability/integrity/inspect_partition-silver.log
================================================================================

📊 TABELA: ATRASO
🆔 Run ID: 20260124_014132 | Coluna: dat_referencia
📅 Janela: 202310 a 202503
------------------------------------------------------------
  📁 202310:  1,173,205 linhas | Min: 2023-10-01 00:00:00 | Max: 2023-10-01 00:00:00 | ✅ OK
  📁 202311:  1,152,922 linhas | Min: 2023-11-01 00:00:00 | Max: 2023-11-01 00:00:00 | ✅ OK
  📁 202312:  1,252,111 linhas | Min: 2023-12-01 00:00:00 | Max: 2023-12-01 00:00:00 | ✅ OK
  📁 202401:  1,026,478 linhas | Min: 2024-01-01 00:00:00 | Max: 2024-01-01 00:00:00 | ✅ OK
  📁 202402:  1,055,098 linhas | Min: 2024-02-01 00:00:00 | Max: 2024-02-01 00:00:00 | ✅ OK
  📁 202403:  1,074,593 linhas | Min: 2024-03-01 00:00:00 | Max: 2024-03-01 00:00:00 | ✅ OK
  📁 202404:  1,160,777 linhas | Min: 2024-04-01 00:00:00 | Max: 2024-04-01 00:00:00 | ✅ OK
  📁 202405:  1,196,731 linhas | Min: 2024-05-01 00:00:00 | Max: 2024-05-01 00:00:00 | ✅ OK
  📁 202406:  1,225,694 linhas | Min: 2024-06-01 00:00:00 | Max: 2024-06-01 00:00:00 | ✅ OK
  📁 202407:  1,318,087 linhas | Min: 2024-07-01 00:00:00 | Max: 2024-07-01 00:00:00 | ✅ OK
  📁 202408:  1,397,247 linhas | Min: 2024-08-01 00:00:00 | Max: 2024-08-01 00:00:00 | ✅ OK
  📁 202409:  1,510,312 linhas | Min: 2024-09-01 00:00:00 | Max: 2024-09-01 00:00:00 | ✅ OK
  📁 202410:  1,683,363 linhas | Min: 2024-10-01 00:00:00 | Max: 2024-10-01 00:00:00 | ✅ OK
  📁 202411:  1,883,050 linhas | Min: 2024-11-01 00:00:00 | Max: 2024-11-01 00:00:00 | ✅ OK
  📁 202412:  2,444,916 linhas | Min: 2024-12-01 00:00:00 | Max: 2024-12-01 00:00:00 | ✅ OK
  📁 202501:  3,018,681 linhas | Min: 2025-01-01 00:00:00 | Max: 2025-01-01 00:00:00 | ✅ OK
  📁 202502:  3,643,289 linhas | Min: 2025-02-01 00:00:00 | Max: 2025-02-01 00:00:00 | ✅ OK
  📁 202503:  4,394,665 linhas | Min: 2025-03-01 00:00:00 | Max: 2025-03-01 00:00:00 | ✅ OK

📊 TABELA: DADOS_CADASTRAIS
🆔 Run ID: 20260124_014710 | Coluna: safra
📅 Janela: 202410 a 202503
------------------------------------------------------------
  📁 202410:    653,586 linhas | Min: 2024-10-01 00:00:00 | Max: 2024-10-01 00:00:00 | ✅ OK
  📁 202411:    665,737 linhas | Min: 2024-11-01 00:00:00 | Max: 2024-11-01 00:00:00 | ✅ OK
  📁 202412:    646,037 linhas | Min: 2024-12-01 00:00:00 | Max: 2024-12-01 00:00:00 | ✅ OK
  📁 202501:    667,227 linhas | Min: 2025-01-01 00:00:00 | Max: 2025-01-01 00:00:00 | ✅ OK
  📁 202502:    619,961 linhas | Min: 2025-02-01 00:00:00 | Max: 2025-02-01 00:00:00 | ✅ OK
  📁 202503:    647,830 linhas | Min: 2025-03-01 00:00:00 | Max: 2025-03-01 00:00:00 | ✅ OK

📊 TABELA: PAGAMENTO
🆔 Run ID: 20260124_014724 | Coluna: dat_status_fatura
📅 Janela: 202310 a 202503
------------------------------------------------------------
  📁 202310:    857,471 linhas | Min: 2023-10-01 00:00:00 | Max: 2023-10-31 00:00:00 | ✅ OK
  📁 202311:    858,373 linhas | Min: 2023-11-01 00:00:00 | Max: 2023-11-30 00:00:00 | ✅ OK
  📁 202312:    920,089 linhas | Min: 2023-12-01 00:00:00 | Max: 2023-12-31 00:00:00 | ✅ OK
  📁 202401:    908,182 linhas | Min: 2024-01-01 00:00:00 | Max: 2024-01-31 00:00:00 | ✅ OK
  📁 202402:    913,911 linhas | Min: 2024-02-01 00:00:00 | Max: 2024-02-29 00:00:00 | ✅ OK
  📁 202403:    967,155 linhas | Min: 2024-03-01 00:00:00 | Max: 2024-03-31 00:00:00 | ✅ OK
  📁 202404:    991,786 linhas | Min: 2024-04-01 00:00:00 | Max: 2024-04-30 00:00:00 | ✅ OK
  📁 202405:  1,027,934 linhas | Min: 2024-05-01 00:00:00 | Max: 2024-05-31 00:00:00 | ✅ OK
  📁 202406:    999,714 linhas | Min: 2024-06-01 00:00:00 | Max: 2024-06-30 00:00:00 | ✅ OK
  📁 202407:  1,057,355 linhas | Min: 2024-07-01 00:00:00 | Max: 2024-07-31 00:00:00 | ✅ OK
  📁 202408:  1,060,296 linhas | Min: 2024-08-01 00:00:00 | Max: 2024-08-31 00:00:00 | ✅ OK
  📁 202409:  1,039,848 linhas | Min: 2024-09-01 00:00:00 | Max: 2024-09-30 00:00:00 | ✅ OK
  📁 202410:  1,099,540 linhas | Min: 2024-10-01 00:00:00 | Max: 2024-10-31 00:00:00 | ✅ OK
  📁 202411:  1,176,251 linhas | Min: 2024-11-01 00:00:00 | Max: 2024-11-30 00:00:00 | ✅ OK
  📁 202412:  1,489,204 linhas | Min: 2024-12-01 00:00:00 | Max: 2024-12-31 00:00:00 | ✅ OK
  📁 202501:  1,757,130 linhas | Min: 2025-01-01 00:00:00 | Max: 2025-01-31 00:00:00 | ✅ OK
  📁 202502:  1,999,588 linhas | Min: 2025-02-01 00:00:00 | Max: 2025-02-28 00:00:00 | ✅ OK
  📁 202503:  2,443,787 linhas | Min: 2025-03-01 00:00:00 | Max: 2025-03-31 00:00:00 | ✅ OK

📊 TABELA: RECARGA
🆔 Run ID: 20260124_015145 | Coluna: dat_insercao_credito
📅 Janela: 202310 a 202503
------------------------------------------------------------
  📁 202310:  4,182,629 linhas | Min: 2023-10-01 00:00:00 | Max: 2023-10-31 00:00:00 | ✅ OK
  📁 202311:  4,153,371 linhas | Min: 2023-11-01 00:00:00 | Max: 2023-11-30 00:00:00 | ✅ OK
  📁 202312:  4,440,690 linhas | Min: 2023-12-01 00:00:00 | Max: 2023-12-31 00:00:00 | ✅ OK
  📁 202401:  4,238,829 linhas | Min: 2024-01-01 00:00:00 | Max: 2024-01-31 00:00:00 | ✅ OK
  📁 202402:  4,254,204 linhas | Min: 2024-02-01 00:00:00 | Max: 2024-02-29 00:00:00 | ✅ OK
  📁 202403:  4,736,808 linhas | Min: 2024-03-01 00:00:00 | Max: 2024-03-31 00:00:00 | ✅ OK
  📁 202404:  4,641,082 linhas | Min: 2024-04-01 00:00:00 | Max: 2024-04-30 00:00:00 | ✅ OK
  📁 202405:  4,822,127 linhas | Min: 2024-05-01 00:00:00 | Max: 2024-05-31 00:00:00 | ✅ OK
  📁 202406:  4,886,421 linhas | Min: 2024-06-01 00:00:00 | Max: 2024-06-30 00:00:00 | ✅ OK
  📁 202407:  5,257,411 linhas | Min: 2024-07-01 00:00:00 | Max: 2024-07-31 00:00:00 | ✅ OK
  📁 202408:  5,557,900 linhas | Min: 2024-08-01 00:00:00 | Max: 2024-08-31 00:00:00 | ✅ OK
  📁 202409:  5,512,580 linhas | Min: 2024-09-01 00:00:00 | Max: 2024-09-30 00:00:00 | ✅ OK
  📁 202410:  6,480,407 linhas | Min: 2024-10-01 00:00:00 | Max: 2024-10-31 00:00:00 | ✅ OK
  📁 202411:  6,800,420 linhas | Min: 2024-11-01 00:00:00 | Max: 2024-11-30 00:00:00 | ✅ OK
  📁 202412:  6,927,326 linhas | Min: 2024-12-01 00:00:00 | Max: 2024-12-31 00:00:00 | ✅ OK
  📁 202501:  6,366,515 linhas | Min: 2025-01-01 00:00:00 | Max: 2025-01-31 00:00:00 | ✅ OK
  📁 202502:  6,030,903 linhas | Min: 2025-02-01 00:00:00 | Max: 2025-02-28 00:00:00 | ✅ OK
  📁 202503:  6,096,666 linhas | Min: 2025-03-01 00:00:00 | Max: 2025-03-31 00:00:00 | ✅ OK

📊 TABELA: SCORE_BUREAU_MOVEL
🆔 Run ID: 20260124_020432 | Coluna: safra
📅 Janela: 202410 a 202503
------------------------------------------------------------
  📁 202410:    636,951 linhas | Min: 2024-10-01 00:00:00 | Max: 2024-10-01 00:00:00 | ✅ OK
  📁 202411:    647,199 linhas | Min: 2024-11-01 00:00:00 | Max: 2024-11-01 00:00:00 | ✅ OK
  📁 202412:    626,744 linhas | Min: 2024-12-01 00:00:00 | Max: 2024-12-01 00:00:00 | ✅ OK
  📁 202501:    648,554 linhas | Min: 2025-01-01 00:00:00 | Max: 2025-01-01 00:00:00 | ✅ OK
  📁 202502:    602,344 linhas | Min: 2025-02-01 00:00:00 | Max: 2025-02-01 00:00:00 | ✅ OK
  📁 202503:    633,518 linhas | Min: 2025-03-01 00:00:00 | Max: 2025-03-01 00:00:00 | ✅ OK

📊 TABELA: TELCO
🆔 Run ID: 20260124_020438 | Coluna: safra
📅 Janela: 202410 a 202503
------------------------------------------------------------
  📁 202410:    219,860 linhas | Min: 2024-10-01 00:00:00 | Max: 2024-10-01 00:00:00 | ✅ OK
  📁 202411:    240,520 linhas | Min: 2024-11-01 00:00:00 | Max: 2024-11-01 00:00:00 | ✅ OK
  📁 202412:    241,453 linhas | Min: 2024-12-01 00:00:00 | Max: 2024-12-01 00:00:00 | ✅ OK
  📁 202501:    233,710 linhas | Min: 2025-01-01 00:00:00 | Max: 2025-01-01 00:00:00 | ✅ OK
  📁 202502:    214,665 linhas | Min: 2025-02-01 00:00:00 | Max: 2025-02-01 00:00:00 | ✅ OK
  📁 202503:    216,896 linhas | Min: 2025-03-01 00:00:00 | Max: 2025-03-01 00:00:00 | ✅ OK

================================================================================
🏁 Auditoria Finalizada.
================================================================================

